<html>
<body>
<pre>
<h1>礦ision Build Log</h1>
<h2>Project:</h2>
H:\2016秋\STM32PZ6806L-HX8357C-D\实验程序\STM32综合测试实验-HX8357C-D彩屏\工程模板\Template.uvproj
Project File Date:  05/23/2016

<h2>Output:</h2>
Build target 'Target 1'
compiling main.c...
compiling stm32f10x_it.c...
compiling public.c...
compiling core_cm3.c...
compiling system_stm32f10x.c...
assembling startup_stm32f10x_hd.s...
compiling stm32f10x_gpio.c...
compiling stm32f10x_rcc.c...
compiling stm32f10x_usart.c...
compiling misc.c...
compiling stm32f10x_adc.c...
compiling stm32f10x_bkp.c...
compiling stm32f10x_pwr.c...
compiling stm32f10x_fsmc.c...
compiling stm32f10x_dac.c...
compiling stm32f10x_spi.c...
compiling stm32f10x_flash.c...
compiling stm32f10x_can.c...
compiling stm32f10x_exti.c...
compiling led.c...
compiling systick.c...
compiling rs485.c...
compiling printf.c...
compiling iic.c...
compiling AT24CXX.c...
compiling adc.c...
compiling lcd_driver.c...
compiling gui.c...
compiling dac.c...
compiling spi.c...
compiling flash.c...
compiling touch.c...
compiling sram.c...
compiling malloc.c...
compiling sd.c...
compiling ds18b20.c...
compiling adx345.c...
APP\adx345\adx345.c(356): warning:  #223-D: function "abs" declared implicitly
compiling can.c...
compiling myFatApp.c...
compiling bmp.c...
compiling beep.c...
compiling key.c...
compiling usart.c...
compiling smg.c...
compiling hwjs.c...
compiling lowpower.c...
compiling cc936.c...
compiling diskio.c...
compiling ff.c...
linking...
Program Size: Code=37384 RO-data=308008 RW-data=108 ZI-data=223348  
FromELF: creating hex file...
".\output\工程模板.axf" - 0 Errors, 1 Warning(s).
