<html>
<body>
<pre>
<h1>礦ision Build Log</h1>
<h2>Tool Versions:</h2>
IDE-Version: μVision V5.22.0.0
Copyright (C) 2016 ARM Ltd and ARM Germany GmbH. All rights reserved.
License Information: Z GW, G, LIC=MPP56-DXRKM-NLMCG-VJP5S-C1LVK-K9PB7
 
Tool Versions:
Toolchain:       MDK-ARM Plus  Version: 5.22
Toolchain Path:  D:\Keil_v5\ARM\ARMCC\Bin
C Compiler:      Armcc.exe V5.06 update 4 (build 422)
Assembler:       Armasm.exe V5.06 update 4 (build 422)
Linker/Locator:  ArmLink.exe V5.06 update 4 (build 422)
Library Manager: ArmAr.exe V5.06 update 4 (build 422)
Hex Converter:   FromElf.exe V5.06 update 4 (build 422)
CPU DLL:         SARMCM3.DLL V5.22
Dialog DLL:      DARMSTM.DLL V1.67.0.0
Target DLL:      STLink\ST-LINKIII-KEIL_SWO.dll V2.0.18.0
Dialog DLL:      TARMSTM.DLL V1.66.0.0
 
<h2>Project:</h2>
H:\STM32PZ6806L-HX8357C-D\实验程序\STM32综合测试实验-HX8357C-D彩屏\工程模板\Template.uvprojx
Project File Date:  09/17/2017

<h2>Output:</h2>
*** Using Compiler 'V5.06 update 4 (build 422)', folder: 'D:\Keil_v5\ARM\ARMCC\Bin'
Build target 'Target 1'
compiling core_cm3.c...
compiling stm32f10x_it.c...
compiling public.c...
compiling stm32f10x_gpio.c...
compiling stm32f10x_usart.c...
compiling stm32f10x_rcc.c...
compiling stm32f10x_bkp.c...
compiling system_stm32f10x.c...
compiling main.c...
compiling misc.c...
compiling stm32f10x_adc.c...
compiling stm32f10x_fsmc.c...
compiling stm32f10x_flash.c...
compiling stm32f10x_spi.c...
compiling stm32f10x_dac.c...
compiling stm32f10x_can.c...
compiling stm32f10x_pwr.c...
compiling stm32f10x_exti.c...
compiling AT24CXX.c...
compiling rs485.c...
compiling printf.c...
compiling systick.c...
compiling led.c...
compiling iic.c...
compiling adc.c...
compiling spi.c...
compiling lcd_driver.c...
compiling sram.c...
compiling touch.c...
compiling dac.c...
compiling flash.c...
compiling sd.c...
compiling gui.c...
compiling malloc.c...
compiling myFatApp.c...
compiling adx345.c...
compiling can.c...
compiling ds18b20.c...
compiling beep.c...
compiling key.c...
compiling bmp.c...
compiling cc936.c...
compiling usart.c...
compiling hwjs.c...
compiling lowpower.c...
compiling smg.c...
compiling diskio.c...
compiling ff.c...
linking...
Program Size: Code=37394 RO-data=308014 RW-data=108 ZI-data=223348  
FromELF: creating hex file...
".\output\工程模板.axf" - 0 Error(s), 0 Warning(s).

<h2>Software Packages used:</h2>

Package Vendor: ARM
                http://www.keil.com/pack/ARM.CMSIS.5.0.0.pack
                ARM::CMSIS:CORE:5.0.0
                CMSIS (Cortex Microcontroller Software Interface Standard)
   * Component: CORE Version: 5.0.0

<h2>Collection of Component include folders:</h2>
  H:\STM32PZ6806L-HX8357C-D\实验程序\STM32综合测试实验-HX8357C-D彩屏\工程模板\RTE\_Target_1
  D:\Keil_v5\ARM\PACK\ARM\CMSIS\5.0.0\CMSIS\Include
  D:\Keil_v5\ARM\PACK\Keil\STM32F1xx_DFP\2.2.0\Device\Include

<h2>Collection of Component Files used:</h2>

   * Component: ARM::CMSIS:CORE:5.0.0
Build Time Elapsed:  00:00:08
</pre>
</body>
</html>
