Component: ARM Compiler 5.06 update 4 (build 422) Tool: armlink [4d35d2]

==============================================================================

Section Cross References

    main.o(.text) refers to lcd_driver.o(.text) for TFT_Init
    main.o(.text) refers to flash.o(.text) for FLASH_Init
    main.o(.text) refers to touch.o(.text) for TOUCH_Init
    main.o(.text) refers to gui.o(.text) for GUI_DisplayInit
    main.o(.text) refers to key.o(.text) for key_init
    main.o(.text) refers to sram.o(.text) for SRAM_Config
    main.o(.text) refers to led.o(.text) for led_display
    main.o(.text) refers to beep.o(.text) for sound2
    main.o(.text) refers to smg.o(.text) for static_smg_display
    main.o(.text) refers to adc.o(.text) for adc_change
    main.o(.text) refers to ds18b20.o(.text) for DS18B20_pros
    main.o(.text) refers to at24cxx.o(.text) for IIC_pros
    main.o(.text) refers to hwjs.o(.text) for HW_pros
    main.o(.text) refers to lowpower.o(.text) for low_pros
    main.o(.text) refers to sd.o(.text) for SD_pros
    main.o(.text) refers to adx345.o(.text) for ADX345_pros
    main.o(.text) refers to dac.o(.text) for DAC_pros
    main.o(.text) refers to usart.o(.text) for COM_pros
    main.o(.text) refers to rs485.o(.text) for RS485_pros
    main.o(.text) refers to can.o(.text) for CAN_pros
    main.o(.text) refers to touch.o(.data) for TouchData
    system_stm32f10x.o(.text) refers to system_stm32f10x.o(.data) for SystemCoreClock
    startup_stm32f10x_hd.o(STACK) refers (Special) to heapauxi.o(.text) for __use_two_region_memory
    startup_stm32f10x_hd.o(HEAP) refers (Special) to heapauxi.o(.text) for __use_two_region_memory
    startup_stm32f10x_hd.o(RESET) refers (Special) to heapauxi.o(.text) for __use_two_region_memory
    startup_stm32f10x_hd.o(RESET) refers to startup_stm32f10x_hd.o(STACK) for __initial_sp
    startup_stm32f10x_hd.o(RESET) refers to startup_stm32f10x_hd.o(.text) for Reset_Handler
    startup_stm32f10x_hd.o(RESET) refers to stm32f10x_it.o(.text) for NMI_Handler
    startup_stm32f10x_hd.o(RESET) refers to can.o(.text) for USB_LP_CAN1_RX0_IRQHandler
    startup_stm32f10x_hd.o(RESET) refers to usart.o(.text) for USART1_IRQHandler
    startup_stm32f10x_hd.o(RESET) refers to rs485.o(.text) for USART2_IRQHandler
    startup_stm32f10x_hd.o(RESET) refers to hwjs.o(.text) for EXTI15_10_IRQHandler
    startup_stm32f10x_hd.o(.text) refers (Special) to heapauxi.o(.text) for __use_two_region_memory
    startup_stm32f10x_hd.o(.text) refers to system_stm32f10x.o(.text) for SystemInit
    startup_stm32f10x_hd.o(.text) refers to __main.o(!!!main) for __main
    startup_stm32f10x_hd.o(.text) refers to startup_stm32f10x_hd.o(HEAP) for Heap_Mem
    startup_stm32f10x_hd.o(.text) refers to startup_stm32f10x_hd.o(STACK) for Stack_Mem
    stm32f10x_gpio.o(.text) refers to stm32f10x_rcc.o(.text) for RCC_APB2PeriphResetCmd
    stm32f10x_rcc.o(.text) refers to stm32f10x_rcc.o(.data) for APBAHBPrescTable
    stm32f10x_usart.o(.text) refers to stm32f10x_rcc.o(.text) for RCC_APB2PeriphResetCmd
    stm32f10x_adc.o(.text) refers to stm32f10x_rcc.o(.text) for RCC_APB2PeriphResetCmd
    stm32f10x_bkp.o(.text) refers to stm32f10x_rcc.o(.text) for RCC_BackupResetCmd
    stm32f10x_pwr.o(.text) refers to stm32f10x_rcc.o(.text) for RCC_APB1PeriphResetCmd
    stm32f10x_dac.o(.text) refers to stm32f10x_rcc.o(.text) for RCC_APB1PeriphResetCmd
    stm32f10x_spi.o(.text) refers to stm32f10x_rcc.o(.text) for RCC_APB2PeriphResetCmd
    stm32f10x_can.o(.text) refers to stm32f10x_rcc.o(.text) for RCC_APB1PeriphResetCmd
    led.o(.text) refers to stm32f10x_rcc.o(.text) for RCC_APB2PeriphClockCmd
    led.o(.text) refers to stm32f10x_gpio.o(.text) for GPIO_Init
    led.o(.text) refers to lcd_driver.o(.text) for TFT_ClearScreen
    led.o(.text) refers to systick.o(.text) for delay_ms
    led.o(.text) refers to gui.o(.text) for GUI_Show12Char
    led.o(.text) refers to touch.o(.text) for TOUCH_Scan
    led.o(.text) refers to touch.o(.data) for TouchData
    systick.o(.text) refers to stm32f10x_rcc.o(.text) for RCC_DeInit
    rs485.o(.text) refers to stm32f10x_rcc.o(.text) for RCC_APB2PeriphClockCmd
    rs485.o(.text) refers to stm32f10x_gpio.o(.text) for GPIO_Init
    rs485.o(.text) refers to stm32f10x_usart.o(.text) for USART_Init
    rs485.o(.text) refers to misc.o(.text) for NVIC_PriorityGroupConfig
    rs485.o(.text) refers to systick.o(.text) for delay_ms
    rs485.o(.text) refers to lcd_driver.o(.text) for TFT_ClearScreen
    rs485.o(.text) refers to gui.o(.text) for GUI_Show12Char
    rs485.o(.text) refers to touch.o(.text) for TOUCH_Scan
    rs485.o(.text) refers to rs485.o(.data) for k
    rs485.o(.text) refers to touch.o(.data) for TouchData
    rs485.o(.text) refers to rs485.o(.conststring) for .conststring
    printf.o(.text) refers (Special) to use_no_semi_2.o(.text) for __use_no_semihosting
[...]
    .text                                    0x08000680   Section       64  startup_stm32f10x_hd.o(.text)
    .text                                    0x080006c0   Section        0  stm32f10x_gpio.o(.text)
    .text                                    0x08000a1c   Section        0  stm32f10x_rcc.o(.text)
    .text                                    0x08000dc0   Section        0  stm32f10x_usart.o(.text)
    .text                                    0x080011c8   Section        0  misc.o(.text)
    .text                                    0x080012a4   Section        0  stm32f10x_adc.o(.text)
    .text                                    0x080016f4   Section        0  stm32f10x_pwr.o(.text)
    .text                                    0x080017c0   Section        0  stm32f10x_fsmc.o(.text)
    .text                                    0x08001dcc   Section        0  stm32f10x_dac.o(.text)
    .text                                    0x08001f58   Section        0  stm32f10x_spi.o(.text)
    .text                                    0x08002264   Section        0  stm32f10x_can.o(.text)
    CheckITStatus                            0x08002a67   Thumb Code    18  stm32f10x_can.o(.text)
    .text                                    0x08002c54   Section        0  stm32f10x_exti.o(.text)
    .text                                    0x08002d70   Section        0  led.o(.text)
    .text                                    0x08002e8c   Section        0  systick.o(.text)
    .text                                    0x08002f54   Section        0  rs485.o(.text)
    .text                                    0x08003210   Section        0  printf.o(.text)
    .text                                    0x080032e8   Section        0  iic.o(.text)
    .text                                    0x08003568   Section        0  at24cxx.o(.text)
    .text                                    0x080039b0   Section        0  adc.o(.text)
    .text                                    0x08003c4c   Section        0  lcd_driver.o(.text)
    .text                                    0x08003f04   Section        0  gui.o(.text)
    .text                                    0x0800435c   Section        0  dac.o(.text)
    .text                                    0x080045ec   Section        0  spi.o(.text)
    .text                                    0x080047e0   Section        0  flash.o(.text)
    FLASH_CheckBusy                          0x08004897   Thumb Code    84  flash.o(.text)
    FLASH_WriteEnable                        0x08004959   Thumb Code    50  flash.o(.text)
    FLASH_SectorErase                        0x0800498b   Thumb Code    82  flash.o(.text)
    FLASH_WritePage                          0x08004a17   Thumb Code   158  flash.o(.text)
    .text                                    0x08004d84   Section        0  touch.o(.text)
    TOUCH_ReadData                           0x08004d85   Thumb Code   188  touch.o(.text)
    TOUCH_ReadXY                             0x08004e41   Thumb Code   158  touch.o(.text)
    TOUCH_ReadAdjust                         0x08004edf   Thumb Code    90  touch.o(.text)
    TOUCH_Adjust                             0x08004f39   Thumb Code   358  touch.o(.text)
    .text                                    0x080051c0   Section        0  sram.o(.text)
    .text                                    0x08005588   Section        0  sd.o(.text)
    .text                                    0x08005df0   Section        0  ds18b20.o(.text)
    .text                                    0x08006144   Section        0  adx345.o(.text)
    ADX345_WriteReg                          0x08006145   Thumb Code    72  adx345.o(.text)
    ADX345_ReadReg                           0x0800618d   Thumb Code    78  adx345.o(.text)
    ADX345_ReadXYZ                           0x080061db   Thumb Code   168  adx345.o(.text)
    .text                                    0x080068a0   Section        0  can.o(.text)
    CAN1_NVIC_Config                         0x080068a1   Thumb Code    44  can.o(.text)
    .text                                    0x08007200   Section        0  beep.o(.text)
    .text                                    0x080072f4   Section        0  key.o(.text)
    .text                                    0x08007574   Section        0  usart.o(.text)
    .text                                    0x080077ac   Section        0  smg.o(.text)
    .text                                    0x080078e0   Section        0  hwjs.o(.text)
    .text                                    0x08007bf0   Section        0  lowpower.o(.text)
    .text                                    0x08007dc4   Section        2  use_no_semi_2.o(.text)
    .text                                    0x08007dc6   Section        0  heapauxi.o(.text)
    .text                                    0x08007dcc   Section        2  use_no_semi.o(.text)
    .text                                    0x08007dce   Section        0  _rserrno.o(.text)
    .text                                    0x08007de4   Section        8  rt_errno_addr_intlibspace.o(.text)
    .text                                    0x08007dec   Section        8  libspace.o(.text)
    .text                                    0x08007df4   Section       74  sys_stackheap_outer.o(.text)
    .text                                    0x08007e3e   Section        0  exit.o(.text)
    i.__ARM_fpclassify                       0x08007e50   Section        0  fpclassify.o(i.__ARM_fpclassify)
    i.__kernel_poly                          0x08007e78   Section        0  poly.o(i.__kernel_poly)
    i.__mathlib_dbl_infnan                   0x08007f22   Section        0  dunder.o(i.__mathlib_dbl_infnan)
    i.__mathlib_dbl_underflow                0x08007f28   Section        0  dunder.o(i.__mathlib_dbl_underflow)
    i.atan                                   0x08007f38   Section        0  atan.o(i.atan)
    i.sqrt                                   0x08008158   Section        0  sqrt.o(i.sqrt)
    x$fpl$d2f                                0x080081a4   Section       98  d2f.o(x$fpl$d2f)
    x$fpl$dadd                               0x08008208   Section      336  daddsub_clz.o(x$fpl$dadd)
    _dadd1                                   0x08008219   Thumb Code     0  daddsub_clz.o(x$fpl$dadd)
    x$fpl$dcheck1                            0x08008358   Section       16  dcheck1.o(x$fpl$dcheck1)
    x$fpl$ddiv                               0x08008368   Section      688  ddiv.o(x$fpl$ddiv)
    ddiv_entry                               0x0800836f   Thumb Code     0  ddiv.o(x$fpl$ddiv)
    x$fpl$dfixu                              0x08008618   Section       90  dfixu.o(x$fpl$dfixu)
    x$fpl$dfltu                              0x08008672   Section       38  dflt_clz.o(x$fpl$dfltu)
    x$fpl$dmul                               0x08008698   Section      340  dmul.o(x$fpl$dmul)
    x$fpl$dnaninf                            0x080087ec   Section      156  dnaninf.o(x$fpl$dnaninf)
    x$fpl$dretinf                            0x08008888   Section       12  dretinf.o(x$fpl$dretinf)
    x$fpl$drsb                               0x08008894   Section       22  daddsub_clz.o(x$fpl$drsb)
    x$fpl$dsqrt                              0x080088ac   Section      460  dsqrt_noumaal.o(x$fpl$dsqrt)
    x$fpl$dsub                               0x08008a78   Section      468  daddsub_clz.o(x$fpl$dsub)
    _dsub1                                   0x08008a89   Thumb Code     0  daddsub_clz.o(x$fpl$dsub)
    x$fpl$f2d                                0x08008c4c   Section       86  f2d.o(x$fpl$f2d)
    x$fpl$fadd                               0x08008ca4   Section      196  faddsub_clz.o(x$fpl$fadd)
    _fadd1                                   0x08008cb3   Thumb Code     0  faddsub_clz.o(x$fpl$fadd)
    x$fpl$fdiv                               0x08008d68   Section      388  fdiv.o(x$fpl$fdiv)
    _fdiv1                                   0x08008d69   Thumb Code     0  fdiv.o(x$fpl$fdiv)
    x$fpl$ffix                               0x08008eec   Section       54  ffix.o(x$fpl$ffix)
    x$fpl$ffixu                              0x08008f24   Section       62  ffixu.o(x$fpl$ffixu)
    x$fpl$fflt                               0x08008f64   Section       48  fflt_clz.o(x$fpl$fflt)
    x$fpl$ffltu                              0x08008f94   Section       38  fflt_clz.o(x$fpl$ffltu)
    x$fpl$fmul                               0x08008fbc   Section      258  fmul.o(x$fpl$fmul)
    x$fpl$fnaninf                            0x080090be   Section      140  fnaninf.o(x$fpl$fnaninf)
    x$fpl$fretinf                            0x0800914a   Section       10  fretinf.o(x$fpl$fretinf)
    x$fpl$frsb                               0x08009154   Section       20  faddsub_clz.o(x$fpl$frsb)
    x$fpl$fsub                               0x08009168   Section      234  faddsub_clz.o(x$fpl$fsub)
    _fsub1                                   0x08009177   Thumb Code     0  faddsub_clz.o(x$fpl$fsub)
    x$fpl$retnan                             0x08009252   Section      100  retnan.o(x$fpl$retnan)
    x$fpl$scalbn                             0x080092b6   Section       92  scalbn.o(x$fpl$scalbn)
    x$fpl$trapveneer                         0x08009312   Section       48  trapv.o(x$fpl$trapveneer)
    .constdata                               0x08009342   Section    307200  gui.o(.constdata)
    x$fpl$usenofp                            0x08009342   Section        0  usenofp.o(x$fpl$usenofp)
    .constdata                               0x08054342   Section       18  can.o(.constdata)
    .constdata                               0x08054358   Section      152  atan.o(.constdata)
    atanhi                                   0x08054358   Data          32  atan.o(.constdata)
    atanlo                                   0x08054378   Data          32  atan.o(.constdata)
    aTodd                                    0x08054398   Data          40  atan.o(.constdata)
    aTeven                                   0x080543c0   Data          48  atan.o(.constdata)
    .conststring                             0x080543f0   Section      110  rs485.o(.conststring)
    .conststring                             0x08054460   Section       73  ds18b20.o(.conststring)
    .conststring                             0x080544ac   Section      113  usart.o(.conststring)
    .data                                    0x20000000   Section       20  system_stm32f10x.o(.data)
    .data                                    0x20000014   Section       20  stm32f10x_rcc.o(.data)
    APBAHBPrescTable                         0x20000014   Data          16  stm32f10x_rcc.o(.data)
    ADCPrescTable                            0x20000024   Data           4  stm32f10x_rcc.o(.data)
    .data                                    0x20000028   Section        1  rs485.o(.data)
    k                                        0x20000028   Data           1  rs485.o(.data)
    .data                                    0x2000002a   Section        8  touch.o(.data)
    .data                                    0x20000032   Section        1  sd.o(.data)
    .data                                    0x20000034   Section       28  can.o(.data)
    .data                                    0x20000050   Section        1  usart.o(.data)
    k                                        0x20000050   Data           1  usart.o(.data)
    .data                                    0x20000051   Section       16  smg.o(.data)
    .data                                    0x20000064   Section        5  hwjs.o(.data)
    .bss                                     0x2000006c   Section     4096  flash.o(.bss)
    flashBuff                                0x2000006c   Data        4096  flash.o(.bss)
    .bss                                     0x2000106c   Section       16  touch.o(.bss)
    TouchAdj                                 0x2000106c   Data          16  touch.o(.bss)
    .bss                                     0x2000107c   Section       96  libspace.o(.bss)
    HEAP                                     0x200010e0   Section      512  startup_stm32f10x_hd.o(HEAP)
    Heap_Mem                                 0x200010e0   Data         512  startup_stm32f10x_hd.o(HEAP)
    STACK                                    0x200012e0   Section     1024  startup_stm32f10x_hd.o(STACK)
    Stack_Mem                                0x200012e0   Data        1024  startup_stm32f10x_hd.o(STACK)
    __initial_sp                             0x200016e0   Data           0  startup_stm32f10x_hd.o(STACK)
    .ARM.__AT_0x68000000                     0x68000000   Section    204800  malloc.o(.ARM.__AT_0x68000000)
    .ARM.__AT_0x68032000                     0x68032000   Section    12800  malloc.o(.ARM.__AT_0x68032000)

    Global Symbols

    Symbol Name                              Value     Ov Type        Size  Object(Section)

    BuildAttributes$$THM_ISAv4$P$D$K$B$S$PE$A:L22UL41UL21$X:L11$S22US41US21$IEEE1$IW$USESV6$~STKCKD$USESV7$~SHL$OTIME$ROPI$IEEEX$EBA8$UX$STANDARDLIB$REQ8$PRES8$EABIv2 0x00000000   Number         0  anon$$obj.o ABSOLUTE
    __ARM_use_no_argv                        0x00000000   Number         0  main.o ABSOLUTE
    __ARM_exceptions_init                     - Undefined Weak Reference
    __alloca_initialize                       - Undefined Weak Reference
    __arm_preinit_                            - Undefined Weak Reference
    __cpp_initialize__aeabi_                  - Undefined Weak Reference
    __cxa_finalize                            - Undefined Weak Reference
    __rt_locale                               - Undefined Weak Reference
    __sigvec_lookup                           - Undefined Weak Reference
    _atexit_init                              - Undefined Weak Reference
    _call_atexit_fns                          - Undefined Weak Reference
    _clock_init                               - Undefined Weak Reference
    _fp_trap_init                             - Undefined Weak Reference
    _fp_trap_shutdown                         - Undefined Weak Reference
    _get_lc_collate                           - Undefined Weak Reference
    _get_lc_ctype                             - Undefined Weak Reference
    _get_lc_monetary                          - Undefined Weak Reference
    _get_lc_numeric                           - Undefined Weak Reference
    _get_lc_time                              - Undefined Weak Reference
    _getenv_init                              - Undefined Weak Reference
    _handle_redirection                       - Undefined Weak Reference
    _init_alloc                               - Undefined Weak Reference
    _init_user_alloc                          - Undefined Weak Reference
    _initio                                   - Undefined Weak Reference
    _rand_init                                - Undefined Weak Reference
    _signal_finish                            - Undefined Weak Reference
    _signal_init                              - Undefined Weak Reference
    _terminate_alloc                          - Undefined Weak Reference
    _terminate_user_alloc                     - Undefined Weak Reference
    _terminateio                              - Undefined Weak Reference
    __Vectors_Size                           0x00000130   Number         0  startup_stm32f10x_hd.o ABSOLUTE
    __Vectors                                0x08000000   Data           4  startup_stm32f10x_hd.o(RESET)
    __Vectors_End                            0x08000130   Data           0  startup_stm32f10x_hd.o(RESET)
    __main                                   0x08000131   Thumb Code     8  __main.o(!!!main)
    __scatterload                            0x08000139   Thumb Code     0  __scatter.o(!!!scatter)
    __scatterload_rt2                        0x08000139   Thumb Code    44  __scatter.o(!!!scatter)
    __scatterload_rt2_thumb_only             0x08000139   Thumb Code     0  __scatter.o(!!!scatter)
    __scatterload_null                       0x08000147   Thumb Code     0  __scatter.o(!!!scatter)
    __scatterload_copy                       0x0800016d   Thumb Code    26  __scatter_copy.o(!!handler_copy)
    __scatterload_zeroinit                   0x08000189   Thumb Code    28  __scatter_zi.o(!!handler_zi)
    __rt_lib_init                            0x080001a5   Thumb Code     0  libinit.o(.ARM.Collect$$libinit$$00000000)
    __rt_lib_init_alloca_1                   0x080001a7   Thumb Code     0  libinit2.o(.ARM.Collect$$libinit$$0000002E)
    __rt_lib_init_argv_1                     0x080001a7   Thumb Code     0  libinit2.o(.ARM.Collect$$libinit$$0000002C)
    __rt_lib_init_atexit_1                   0x080001a7   Thumb Code     0  libinit2.o(.ARM.Collect$$libinit$$0000001B)
    __rt_lib_init_clock_1                    0x080001a7   Thumb Code     0  libinit2.o(.ARM.Collect$$libinit$$00000021)
    __rt_lib_init_cpp_1                      0x080001a7   Thumb Code     0  libinit2.o(.ARM.Collect$$libinit$$00000032)
    __rt_lib_init_exceptions_1               0x080001a7   Thumb Code     0  libinit2.o(.ARM.Collect$$libinit$$00000030)
    __rt_lib_init_fp_1                       0x080001a7   Thumb Code     0  libinit2.o(.ARM.Collect$$libinit$$00000002)
    __rt_lib_init_fp_trap_1                  0x080001a7   Thumb Code     0  libinit2.o(.ARM.Collect$$libinit$$0000001F)
    __rt_lib_init_getenv_1                   0x080001a7   Thumb Code     0  libinit2.o(.ARM.Collect$$libinit$$00000023)
    __rt_lib_init_heap_1                     0x080001a7   Thumb Code     0  libinit2.o(.ARM.Collect$$libinit$$0000000A)
    __rt_lib_init_lc_collate_1               0x080001a7   Thumb Code     0  libinit2.o(.ARM.Collect$$libinit$$00000011)
    __rt_lib_init_lc_ctype_1                 0x080001a7   Thumb Code     0  libinit2.o(.ARM.Collect$$libinit$$00000013)
    __rt_lib_init_lc_monetary_1              0x080001a7   Thumb Code     0  libinit2.o(.ARM.Collect$$libinit$$00000015)
    __rt_lib_init_lc_numeric_1               0x080001a7   Thumb Code     0  libinit2.o(.ARM.Collect$$libinit$$00000017)
    __rt_lib_init_lc_time_1                  0x080001a7   Thumb Code     0  libinit2.o(.ARM.Collect$$libinit$$00000019)
    __rt_lib_init_preinit_1                  0x080001a7   Thumb Code     0  libinit2.o(.ARM.Collect$$libinit$$00000004)
    __rt_lib_init_rand_1                     0x080001a7   Thumb Code     0  libinit2.o(.ARM.Collect$$libinit$$0000000E)
    __rt_lib_init_return                     0x080001a7   Thumb Code     0  libinit2.o(.ARM.Collect$$libinit$$00000033)
    __rt_lib_init_signal_1                   0x080001a7   Thumb Code     0  libinit2.o(.ARM.Collect$$libinit$$0000001D)
    __rt_lib_init_stdio_1                    0x080001a7   Thumb Code     0  libinit2.o(.ARM.Collect$$libinit$$00000025)
    __rt_lib_init_user_alloc_1               0x080001a7   Thumb Code     0  libinit2.o(.ARM.Collect$$libinit$$0000000C)
    __rt_lib_shutdown                        0x080001a9   Thumb Code     0  libshutdown.o(.ARM.Collect$$libshutdown$$00000000)
    __rt_lib_shutdown_cpp_1                  0x080001ab   Thumb Code     0  libshutdown2.o(.ARM.Collect$$libshutdown$$00000002)
    __rt_lib_shutdown_fp_trap_1              0x080001ab   Thumb Code     0  libshutdown2.o(.ARM.Collect$$libshutdown$$00000007)
    __rt_lib_shutdown_heap_1                 0x080001ab   Thumb Code     0  libshutdown2.o(.ARM.Collect$$libshutdown$$0000000F)
    __rt_lib_shutdown_return                 0x080001ab   Thumb Code     0  libshutdown2.o(.ARM.Collect$$libshutdown$$00000010)
    __rt_lib_shutdown_signal_1               0x080001ab   Thumb Code     0  libshutdown2.o(.ARM.Collect$$libshutdown$$0000000A)
    __rt_lib_shutdown_stdio_1                0x080001ab   Thumb Code     0  libshutdown2.o(.ARM.Collect$$libshutdown$$00000004)
    __rt_lib_shutdown_user_alloc_1           0x080001ab   Thumb Code     0  libshutdown2.o(.ARM.Collect$$libshutdown$$0000000C)
    __rt_entry                               0x080001ad   Thumb Code     0  __rtentry.o(.ARM.Collect$$rtentry$$00000000)
    __rt_entry_presh_1                       0x080001ad   Thumb Code     0  __rtentry2.o(.ARM.Collect$$rtentry$$00000002)
    __rt_entry_sh                            0x080001ad   Thumb Code     0  __rtentry4.o(.ARM.Collect$$rtentry$$00000004)
    __rt_entry_li                            0x080001b3   Thumb Code     0  __rtentry2.o(.ARM.Collect$$rtentry$$0000000A)
    __rt_entry_postsh_1                      0x080001b3   Thumb Code     0  __rtentry2.o(.ARM.Collect$$rtentry$$00000009)
    __rt_entry_main                          0x080001b7   Thumb Code     0  __rtentry2.o(.ARM.Collect$$rtentry$$0000000D)
    __rt_entry_postli_1                      0x080001b7   Thumb Code     0  __rtentry2.o(.ARM.Collect$$rtentry$$0000000C)
    __rt_exit                                0x080001bf   Thumb Code     0  rtexit.o(.ARM.Collect$$rtexit$$00000000)
    __rt_exit_ls                             0x080001c1   Thumb Code     0  rtexit2.o(.ARM.Collect$$rtexit$$00000003)
    __rt_exit_prels_1                        0x080001c1   Thumb Code     0  rtexit2.o(.ARM.Collect$$rtexit$$00000002)
    __rt_exit_exit                           0x080001c5   Thumb Code     0  rtexit2.o(.ARM.Collect$$rtexit$$00000004)
    main                                     0x080001cd   Thumb Code   692  main.o(.text)
    NMI_Handler                              0x08000485   Thumb Code     2  stm32f10x_it.o(.text)
    HardFault_Handler                        0x08000487   Thumb Code     4  stm32f10x_it.o(.text)
    MemManage_Handler                        0x0800048b   Thumb Code     4  stm32f10x_it.o(.text)
    BusFault_Handler                         0x0800048f   Thumb Code     4  stm32f10x_it.o(.text)
    UsageFault_Handler                       0x08000493   Thumb Code     4  stm32f10x_it.o(.text)
    SVC_Handler                              0x08000497   Thumb Code     2  stm32f10x_it.o(.text)
    DebugMon_Handler                         0x08000499   Thumb Code     2  stm32f10x_it.o(.text)
    PendSV_Handler                           0x0800049b   Thumb Code     2  stm32f10x_it.o(.text)
    SysTick_Handler                          0x0800049d   Thumb Code     2  stm32f10x_it.o(.text)
    SystemInit                               0x0800057f   Thumb Code    78  system_stm32f10x.o(.text)
    SystemCoreClockUpdate                    0x080005cd   Thumb Code   142  system_stm32f10x.o(.text)
    Reset_Handler                            0x08000681   Thumb Code     8  startup_stm32f10x_hd.o(.text)
    ADC1_2_IRQHandler                        0x0800069b   Thumb Code     0  startup_stm32f10x_hd.o(.text)
    ADC3_IRQHandler                          0x0800069b   Thumb Code     0  startup_stm32f10x_hd.o(.text)
    CAN1_RX1_IRQHandler                      0x0800069b   Thumb Code     0  startup_stm32f10x_hd.o(.text)
    CAN1_SCE_IRQHandler                      0x0800069b   Thumb Code     0  startup_stm32f10x_hd.o(.text)
    DMA1_Channel1_IRQHandler                 0x0800069b   Thumb Code     0  startup_stm32f10x_hd.o(.text)
    DMA1_Channel2_IRQHandler                 0x0800069b   Thumb Code     0  startup_stm32f10x_hd.o(.text)
    DMA1_Channel3_IRQHandler                 0x0800069b   Thumb Code     0  startup_stm32f10x_hd.o(.text)
    DMA1_Channel4_IRQHandler                 0x0800069b   Thumb Code     0  startup_stm32f10x_hd.o(.text)
    DMA1_Channel5_IRQHandler                 0x0800069b   Thumb Code     0  startup_stm32f10x_hd.o(.text)
    DMA1_Channel6_IRQHandler                 0x0800069b   Thumb Code     0  startup_stm32f10x_hd.o(.text)
    DMA1_Channel7_IRQHandler                 0x0800069b   Thumb Code     0  startup_stm32f10x_hd.o(.text)
    DMA2_Channel1_IRQHandler                 0x0800069b   Thumb Code     0  startup_stm32f10x_hd.o(.text)
    DMA2_Channel2_IRQHandler                 0x0800069b   Thumb Code     0  startup_stm32f10x_hd.o(.text)
    DMA2_Channel3_IRQHandler                 0x0800069b   Thumb Code     0  startup_stm32f10x_hd.o(.text)
    DMA2_Channel4_5_IRQHandler               0x0800069b   Thumb Code     0  startup_stm32f10x_hd.o(.text)
    EXTI0_IRQHandler                         0x0800069b   Thumb Code     0  startup_stm32f10x_hd.o(.text)
    EXTI1_IRQHandler                         0x0800069b   Thumb Code     0  startup_stm32f10x_hd.o(.text)
    EXTI2_IRQHandler                         0x0800069b   Thumb Code     0  startup_stm32f10x_hd.o(.text)
    EXTI3_IRQHandler                         0x0800069b   Thumb Code     0  startup_stm32f10x_hd.o(.text)
    EXTI4_IRQHandler                         0x0800069b   Thumb Code     0  startup_stm32f10x_hd.o(.text)
    EXTI9_5_IRQHandler                       0x0800069b   Thumb Code     0  startup_stm32f10x_hd.o(.text)
    FLASH_IRQHandler                         0x0800069b   Thumb Code     0  startup_stm32f10x_hd.o(.text)
    FSMC_IRQHandler                          0x0800069b   Thumb Code     0  startup_stm32f10x_hd.o(.text)
    I2C1_ER_IRQHandler                       0x0800069b   Thumb Code     0  startup_stm32f10x_hd.o(.text)
    I2C1_EV_IRQHandler                       0x0800069b   Thumb Code     0  startup_stm32f10x_hd.o(.text)
    I2C2_ER_IRQHandler                       0x0800069b   Thumb Code     0  startup_stm32f10x_hd.o(.text)
    I2C2_EV_IRQHandler                       0x0800069b   Thumb Code     0  startup_stm32f10x_hd.o(.text)
    PVD_IRQHandler                           0x0800069b   Thumb Code     0  startup_stm32f10x_hd.o(.text)
    RCC_IRQHandler                           0x0800069b   Thumb Code     0  startup_stm32f10x_hd.o(.text)
    RTCAlarm_IRQHandler                      0x0800069b   Thumb Code     0  startup_stm32f10x_hd.o(.text)
    RTC_IRQHandler                           0x0800069b   Thumb Code     0  startup_stm32f10x_hd.o(.text)
    SDIO_IRQHandler                          0x0800069b   Thumb Code     0  startup_stm32f10x_hd.o(.text)
    SPI1_IRQHandler                          0x0800069b   Thumb Code     0  startup_stm32f10x_hd.o(.text)
    SPI2_IRQHandler                          0x0800069b   Thumb Code     0  startup_stm32f10x_hd.o(.text)
    SPI3_IRQHandler                          0x0800069b   Thumb Code     0  startup_stm32f10x_hd.o(.text)
    TAMPER_IRQHandler                        0x0800069b   Thumb Code     0  startup_stm32f10x_hd.o(.text)
    TIM1_BRK_IRQHandler                      0x0800069b   Thumb Code     0  startup_stm32f10x_hd.o(.text)
    TIM1_CC_IRQHandler                       0x0800069b   Thumb Code     0  startup_stm32f10x_hd.o(.text)
    TIM1_TRG_COM_IRQHandler                  0x0800069b   Thumb Code     0  startup_stm32f10x_hd.o(.text)
    TIM1_UP_IRQHandler                       0x0800069b   Thumb Code     0  startup_stm32f10x_hd.o(.text)
    TIM2_IRQHandler                          0x0800069b   Thumb Code     0  startup_stm32f10x_hd.o(.text)
    TIM3_IRQHandler                          0x0800069b   Thumb Code     0  startup_stm32f10x_hd.o(.text)
    TIM4_IRQHandler                          0x0800069b   Thumb Code     0  startup_stm32f10x_hd.o(.text)
    TIM5_IRQHandler                          0x0800069b   Thumb Code     0  startup_stm32f10x_hd.o(.text)
    TIM6_IRQHandler                          0x0800069b   Thumb Code     0  startup_stm32f10x_hd.o(.text)
    TIM7_IRQHandler                          0x0800069b   Thumb Code     0  startup_stm32f10x_hd.o(.text)
    TIM8_BRK_IRQHandler                      0x0800069b   Thumb Code     0  startup_stm32f10x_hd.o(.text)
    TIM8_CC_IRQHandler                       0x0800069b   Thumb Code     0  startup_stm32f10x_hd.o(.text)
    TIM8_TRG_COM_IRQHandler                  0x0800069b   Thumb Code     0  startup_stm32f10x_hd.o(.text)
    TIM8_UP_IRQHandler                       0x0800069b   Thumb Code     0  startup_stm32f10x_hd.o(.text)
    UART4_IRQHandler                         0x0800069b   Thumb Code     0  startup_stm32f10x_hd.o(.text)
    UART5_IRQHandler                         0x0800069b   Thumb Code     0  startup_stm32f10x_hd.o(.text)
    USART3_IRQHandler                        0x0800069b   Thumb Code     0  startup_stm32f10x_hd.o(.text)
    USBWakeUp_IRQHandler                     0x0800069b   Thumb Code     0  startup_stm32f10x_hd.o(.text)
    USB_HP_CAN1_TX_IRQHandler                0x0800069b   Thumb Code     0  startup_stm32f10x_hd.o(.text)
    WWDG_IRQHandler                          0x0800069b   Thumb Code     0  startup_stm32f10x_hd.o(.text)
    __user_initial_stackheap                 0x0800069d   Thumb Code     0  startup_stm32f10x_hd.o(.text)
    GPIO_DeInit                              0x080006c1   Thumb Code   172  stm32f10x_gpio.o(.text)
    GPIO_AFIODeInit                          0x0800076d   Thumb Code    20  stm32f10x_gpio.o(.text)
    GPIO_Init                                0x08000781   Thumb Code   278  stm32f10x_gpio.o(.text)
    GPIO_StructInit                          0x08000897   Thumb Code    16  stm32f10x_gpio.o(.text)
    GPIO_ReadInputDataBit                    0x080008a7   Thumb Code    18  stm32f10x_gpio.o(.text)
    GPIO_ReadInputData                       0x080008b9   Thumb Code     8  stm32f10x_gpio.o(.text)
    GPIO_ReadOutputDataBit                   0x080008c1   Thumb Code    18  stm32f10x_gpio.o(.text)
    GPIO_ReadOutputData                      0x080008d3   Thumb Code     8  stm32f10x_gpio.o(.text)
    GPIO_SetBits                             0x080008db   Thumb Code     4  stm32f10x_gpio.o(.text)
    GPIO_ResetBits                           0x080008df   Thumb Code     4  stm32f10x_gpio.o(.text)
    GPIO_WriteBit                            0x080008e3   Thumb Code    10  stm32f10x_gpio.o(.text)
    GPIO_Write                               0x080008ed   Thumb Code     4  stm32f10x_gpio.o(.text)
    GPIO_PinLockConfig                       0x080008f1   Thumb Code    18  stm32f10x_gpio.o(.text)
    GPIO_EventOutputConfig                   0x08000903   Thumb Code    26  stm32f10x_gpio.o(.text)
    GPIO_EventOutputCmd                      0x0800091d   Thumb Code     6  stm32f10x_gpio.o(.text)
    GPIO_PinRemapConfig                      0x08000923   Thumb Code   138  stm32f10x_gpio.o(.text)
    GPIO_EXTILineConfig                      0x080009ad   Thumb Code    66  stm32f10x_gpio.o(.text)
    GPIO_ETH_MediaInterfaceConfig            0x080009ef   Thumb Code     8  stm32f10x_gpio.o(.text)
    RCC_DeInit                               0x08000a1d   Thumb Code    64  stm32f10x_rcc.o(.text)
    RCC_HSEConfig                            0x08000a5d   Thumb Code    70  stm32f10x_rcc.o(.text)
    RCC_GetFlagStatus                        0x08000aa3   Thumb Code    56  stm32f10x_rcc.o(.text)
    RCC_WaitForHSEStartUp                    0x08000adb   Thumb Code    56  stm32f10x_rcc.o(.text)
    RCC_AdjustHSICalibrationValue            0x08000b13   Thumb Code    20  stm32f10x_rcc.o(.text)
    RCC_HSICmd                               0x08000b27   Thumb Code     6  stm32f10x_rcc.o(.text)
    RCC_PLLConfig                            0x08000b2d   Thumb Code    24  stm32f10x_rcc.o(.text)
    RCC_PLLCmd                               0x08000b45   Thumb Code     6  stm32f10x_rcc.o(.text)
    RCC_SYSCLKConfig                         0x08000b4b   Thumb Code    18  stm32f10x_rcc.o(.text)
    RCC_GetSYSCLKSource                      0x08000b5d   Thumb Code    10  stm32f10x_rcc.o(.text)
    RCC_HCLKConfig                           0x08000b67   Thumb Code    18  stm32f10x_rcc.o(.text)
    RCC_PCLK1Config                          0x08000b79   Thumb Code    18  stm32f10x_rcc.o(.text)
    RCC_PCLK2Config                          0x08000b8b   Thumb Code    20  stm32f10x_rcc.o(.text)
    RCC_ITConfig                             0x08000b9f   Thumb Code    26  stm32f10x_rcc.o(.text)
    RCC_USBCLKConfig                         0x08000bb9   Thumb Code     8  stm32f10x_rcc.o(.text)
    RCC_ADCCLKConfig                         0x08000bc1   Thumb Code    18  stm32f10x_rcc.o(.text)
    RCC_LSEConfig                            0x08000bd3   Thumb Code    50  stm32f10x_rcc.o(.text)
    RCC_LSICmd                               0x08000c05   Thumb Code     6  stm32f10x_rcc.o(.text)
    RCC_RTCCLKConfig                         0x08000c0b   Thumb Code    12  stm32f10x_rcc.o(.text)
    RCC_RTCCLKCmd                            0x08000c17   Thumb Code     8  stm32f10x_rcc.o(.text)
    RCC_GetClocksFreq                        0x08000c1f   Thumb Code   192  stm32f10x_rcc.o(.text)
    RCC_AHBPeriphClockCmd                    0x08000cdf   Thumb Code    26  stm32f10x_rcc.o(.text)
    RCC_APB2PeriphClockCmd                   0x08000cf9   Thumb Code    26  stm32f10x_rcc.o(.text)
    RCC_APB1PeriphClockCmd                   0x08000d13   Thumb Code    26  stm32f10x_rcc.o(.text)
    RCC_APB2PeriphResetCmd                   0x08000d2d   Thumb Code    26  stm32f10x_rcc.o(.text)
    RCC_APB1PeriphResetCmd                   0x08000d47   Thumb Code    26  stm32f10x_rcc.o(.text)
    RCC_BackupResetCmd                       0x08000d61   Thumb Code     8  stm32f10x_rcc.o(.text)
    RCC_ClockSecuritySystemCmd               0x08000d69   Thumb Code     6  stm32f10x_rcc.o(.text)
    RCC_MCOConfig                            0x08000d6f   Thumb Code     6  stm32f10x_rcc.o(.text)
    RCC_ClearFlag                            0x08000d75   Thumb Code    14  stm32f10x_rcc.o(.text)
    RCC_GetITStatus                          0x08000d83   Thumb Code    20  stm32f10x_rcc.o(.text)
    RCC_ClearITPendingBit                    0x08000d97   Thumb Code     6  stm32f10x_rcc.o(.text)
    USART_DeInit                             0x08000dc1   Thumb Code   134  stm32f10x_usart.o(.text)
    USART_Init                               0x08000e47   Thumb Code   210  stm32f10x_usart.o(.text)
    USART_StructInit                         0x08000f19   Thumb Code    24  stm32f10x_usart.o(.text)
    USART_ClockInit                          0x08000f31   Thumb Code    34  stm32f10x_usart.o(.text)
    USART_ClockStructInit                    0x08000f53   Thumb Code    12  stm32f10x_usart.o(.text)
    USART_Cmd                                0x08000f5f   Thumb Code    24  stm32f10x_usart.o(.text)
    USART_ITConfig                           0x08000f77   Thumb Code    74  stm32f10x_usart.o(.text)
    USART_DMACmd                             0x08000fc1   Thumb Code    18  stm32f10x_usart.o(.text)
    USART_SetAddress                         0x08000fd3   Thumb Code    18  stm32f10x_usart.o(.text)
    USART_WakeUpConfig                       0x08000fe5   Thumb Code    18  stm32f10x_usart.o(.text)
    USART_ReceiverWakeUpCmd                  0x08000ff7   Thumb Code    24  stm32f10x_usart.o(.text)
    USART_LINBreakDetectLengthConfig         0x0800100f   Thumb Code    18  stm32f10x_usart.o(.text)
    USART_LINCmd                             0x08001021   Thumb Code    24  stm32f10x_usart.o(.text)
    USART_SendData                           0x08001039   Thumb Code     8  stm32f10x_usart.o(.text)
    USART_ReceiveData                        0x08001041   Thumb Code    10  stm32f10x_usart.o(.text)
    USART_SendBreak                          0x0800104b   Thumb Code    10  stm32f10x_usart.o(.text)
    USART_SetGuardTime                       0x08001055   Thumb Code    16  stm32f10x_usart.o(.text)
    USART_SetPrescaler                       0x08001065   Thumb Code    16  stm32f10x_usart.o(.text)
    USART_SmartCardCmd                       0x08001075   Thumb Code    24  stm32f10x_usart.o(.text)
    USART_SmartCardNACKCmd                   0x0800108d   Thumb Code    24  stm32f10x_usart.o(.text)
    USART_HalfDuplexCmd                      0x080010a5   Thumb Code    24  stm32f10x_usart.o(.text)
    USART_OverSampling8Cmd                   0x080010bd   Thumb Code    22  stm32f10x_usart.o(.text)
    USART_OneBitMethodCmd                    0x080010d3   Thumb Code    24  stm32f10x_usart.o(.text)
    USART_IrDAConfig                         0x080010eb   Thumb Code    18  stm32f10x_usart.o(.text)
    USART_IrDACmd                            0x080010fd   Thumb Code    24  stm32f10x_usart.o(.text)
    USART_GetFlagStatus                      0x08001115   Thumb Code    26  stm32f10x_usart.o(.text)
    USART_ClearFlag                          0x0800112f   Thumb Code    18  stm32f10x_usart.o(.text)
    USART_GetITStatus                        0x08001141   Thumb Code    84  stm32f10x_usart.o(.text)
    USART_ClearITPendingBit                  0x08001195   Thumb Code    52  stm32f10x_usart.o(.text)
    NVIC_PriorityGroupConfig                 0x080011c9   Thumb Code    10  misc.o(.text)
    NVIC_Init                                0x080011d3   Thumb Code   100  misc.o(.text)
    NVIC_SetVectorTable                      0x08001237   Thumb Code    14  misc.o(.text)
    NVIC_SystemLPConfig                      0x08001245   Thumb Code    34  misc.o(.text)
    SysTick_CLKSourceConfig                  0x08001267   Thumb Code    40  misc.o(.text)
    ADC_DeInit                               0x080012a5   Thumb Code    78  stm32f10x_adc.o(.text)
    ADC_Init                                 0x080012f3   Thumb Code    70  stm32f10x_adc.o(.text)
    ADC_StructInit                           0x08001339   Thumb Code    18  stm32f10x_adc.o(.text)
    ADC_Cmd                                  0x0800134b   Thumb Code    22  stm32f10x_adc.o(.text)
    ADC_DMACmd                               0x08001361   Thumb Code    22  stm32f10x_adc.o(.text)
    ADC_ITConfig                             0x08001377   Thumb Code    24  stm32f10x_adc.o(.text)
    ADC_ResetCalibration                     0x0800138f   Thumb Code    10  stm32f10x_adc.o(.text)
    ADC_GetResetCalibrationStatus            0x08001399   Thumb Code    20  stm32f10x_adc.o(.text)
    ADC_StartCalibration                     0x080013ad   Thumb Code    10  stm32f10x_adc.o(.text)
    ADC_GetCalibrationStatus                 0x080013b7   Thumb Code    20  stm32f10x_adc.o(.text)
    ADC_SoftwareStartConvCmd                 0x080013cb   Thumb Code    22  stm32f10x_adc.o(.text)
    ADC_GetSoftwareStartConvStatus           0x080013e1   Thumb Code    20  stm32f10x_adc.o(.text)
    ADC_DiscModeChannelCountConfig           0x080013f5   Thumb Code    24  stm32f10x_adc.o(.text)
    ADC_DiscModeCmd                          0x0800140d   Thumb Code    22  stm32f10x_adc.o(.text)
    ADC_RegularChannelConfig                 0x08001423   Thumb Code   184  stm32f10x_adc.o(.text)
    ADC_ExternalTrigConvCmd                  0x080014db   Thumb Code    22  stm32f10x_adc.o(.text)
    ADC_GetConversionValue                   0x080014f1   Thumb Code     8  stm32f10x_adc.o(.text)
    ADC_GetDualModeConversionValue           0x080014f9   Thumb Code     8  stm32f10x_adc.o(.text)
    ADC_AutoInjectedConvCmd                  0x08001501   Thumb Code    22  stm32f10x_adc.o(.text)
    ADC_InjectedDiscModeCmd                  0x08001517   Thumb Code    22  stm32f10x_adc.o(.text)
    ADC_ExternalTrigInjectedConvConfig       0x0800152d   Thumb Code    16  stm32f10x_adc.o(.text)
    ADC_ExternalTrigInjectedConvCmd          0x0800153d   Thumb Code    22  stm32f10x_adc.o(.text)
    ADC_SoftwareStartInjectedConvCmd         0x08001553   Thumb Code    22  stm32f10x_adc.o(.text)
    ADC_GetSoftwareStartInjectedConvCmdStatus 0x08001569   Thumb Code    20  stm32f10x_adc.o(.text)
    ADC_InjectedChannelConfig                0x0800157d   Thumb Code   130  stm32f10x_adc.o(.text)
    ADC_InjectedSequencerLengthConfig        0x080015ff   Thumb Code    24  stm32f10x_adc.o(.text)
    ADC_SetInjectedOffset                    0x08001617   Thumb Code    20  stm32f10x_adc.o(.text)
    ADC_GetInjectedConversionValue           0x0800162b   Thumb Code    28  stm32f10x_adc.o(.text)
    ADC_AnalogWatchdogCmd                    0x08001647   Thumb Code    16  stm32f10x_adc.o(.text)
    ADC_AnalogWatchdogThresholdsConfig       0x08001657   Thumb Code     6  stm32f10x_adc.o(.text)
    ADC_AnalogWatchdogSingleChannelConfig    0x0800165d   Thumb Code    16  stm32f10x_adc.o(.text)
    ADC_TempSensorVrefintCmd                 0x0800166d   Thumb Code    64  stm32f10x_adc.o(.text)
    ADC_GetFlagStatus                        0x080016ad   Thumb Code    18  stm32f10x_adc.o(.text)
    ADC_ClearFlag                            0x080016bf   Thumb Code     6  stm32f10x_adc.o(.text)
    ADC_GetITStatus                          0x080016c5   Thumb Code    36  stm32f10x_adc.o(.text)
    ADC_ClearITPendingBit                    0x080016e9   Thumb Code    10  stm32f10x_adc.o(.text)
    PWR_DeInit                               0x080016f5   Thumb Code    22  stm32f10x_pwr.o(.text)
    PWR_BackupAccessCmd                      0x0800170b   Thumb Code     6  stm32f10x_pwr.o(.text)
    PWR_PVDCmd                               0x08001711   Thumb Code     6  stm32f10x_pwr.o(.text)
    PWR_PVDLevelConfig                       0x08001717   Thumb Code    18  stm32f10x_pwr.o(.text)
    PWR_WakeUpPinCmd                         0x08001729   Thumb Code     8  stm32f10x_pwr.o(.text)
    PWR_EnterSTOPMode                        0x08001731   Thumb Code    54  stm32f10x_pwr.o(.text)
    PWR_EnterSTANDBYMode                     0x08001767   Thumb Code    42  stm32f10x_pwr.o(.text)
    PWR_GetFlagStatus                        0x08001791   Thumb Code    20  stm32f10x_pwr.o(.text)
    PWR_ClearFlag                            0x080017a5   Thumb Code    14  stm32f10x_pwr.o(.text)
    FSMC_NORSRAMDeInit                       0x080017c1   Thumb Code    54  stm32f10x_fsmc.o(.text)
    FSMC_NANDDeInit                          0x080017f7   Thumb Code    62  stm32f10x_fsmc.o(.text)
    FSMC_PCCARDDeInit                        0x08001835   Thumb Code    36  stm32f10x_fsmc.o(.text)
    FSMC_NORSRAMInit                         0x08001859   Thumb Code   230  stm32f10x_fsmc.o(.text)
    FSMC_NANDInit                            0x0800193f   Thumb Code   132  stm32f10x_fsmc.o(.text)
    FSMC_PCCARDInit                          0x080019c3   Thumb Code   130  stm32f10x_fsmc.o(.text)
    FSMC_NORSRAMStructInit                   0x08001a45   Thumb Code   114  stm32f10x_fsmc.o(.text)
    FSMC_NANDStructInit                      0x08001ab7   Thumb Code    54  stm32f10x_fsmc.o(.text)
    FSMC_PCCARDStructInit                    0x08001aed   Thumb Code    60  stm32f10x_fsmc.o(.text)
    FSMC_NORSRAMCmd                          0x08001b29   Thumb Code    46  stm32f10x_fsmc.o(.text)
    FSMC_NANDCmd                             0x08001b57   Thumb Code    86  stm32f10x_fsmc.o(.text)
    FSMC_PCCARDCmd                           0x08001bad   Thumb Code    44  stm32f10x_fsmc.o(.text)
    FSMC_NANDECCCmd                          0x08001bd9   Thumb Code    90  stm32f10x_fsmc.o(.text)
    FSMC_GetECC                              0x08001c33   Thumb Code    24  stm32f10x_fsmc.o(.text)
    FSMC_ITConfig                            0x08001c4b   Thumb Code   128  stm32f10x_fsmc.o(.text)
    FSMC_GetFlagStatus                       0x08001ccb   Thumb Code    54  stm32f10x_fsmc.o(.text)
    FSMC_ClearFlag                           0x08001d01   Thumb Code    62  stm32f10x_fsmc.o(.text)
    FSMC_GetITStatus                         0x08001d3f   Thumb Code    64  stm32f10x_fsmc.o(.text)
    FSMC_ClearITPendingBit                   0x08001d7f   Thumb Code    68  stm32f10x_fsmc.o(.text)
    DAC_DeInit                               0x08001dcd   Thumb Code    22  stm32f10x_dac.o(.text)
    DAC_Init                                 0x08001de3   Thumb Code    46  stm32f10x_dac.o(.text)
    DAC_StructInit                           0x08001e11   Thumb Code    12  stm32f10x_dac.o(.text)
    DAC_Cmd                                  0x08001e1d   Thumb Code    34  stm32f10x_dac.o(.text)
    DAC_DMACmd                               0x08001e3f   Thumb Code    38  stm32f10x_dac.o(.text)
    DAC_SoftwareTriggerCmd                   0x08001e65   Thumb Code    48  stm32f10x_dac.o(.text)
    DAC_DualSoftwareTriggerCmd               0x08001e95   Thumb Code    38  stm32f10x_dac.o(.text)
    DAC_WaveGenerationCmd                    0x08001ebb   Thumb Code    36  stm32f10x_dac.o(.text)
    DAC_SetChannel1Data                      0x08001edf   Thumb Code    26  stm32f10x_dac.o(.text)
    DAC_SetChannel2Data                      0x08001ef9   Thumb Code    26  stm32f10x_dac.o(.text)
    DAC_SetDualChannelData                   0x08001f13   Thumb Code    32  stm32f10x_dac.o(.text)
    DAC_GetDataOutputValue                   0x08001f33   Thumb Code    32  stm32f10x_dac.o(.text)
    SPI_I2S_DeInit                           0x08001f59   Thumb Code    76  stm32f10x_spi.o(.text)
    SPI_Init                                 0x08001fa5   Thumb Code    60  stm32f10x_spi.o(.text)
    I2S_Init                                 0x08001fe1   Thumb Code   226  stm32f10x_spi.o(.text)
    SPI_StructInit                           0x080020c3   Thumb Code    24  stm32f10x_spi.o(.text)
    I2S_StructInit                           0x080020db   Thumb Code    20  stm32f10x_spi.o(.text)
    SPI_Cmd                                  0x080020ef   Thumb Code    24  stm32f10x_spi.o(.text)
    I2S_Cmd                                  0x08002107   Thumb Code    24  stm32f10x_spi.o(.text)
    SPI_I2S_ITConfig                         0x0800211f   Thumb Code    32  stm32f10x_spi.o(.text)
    SPI_I2S_DMACmd                           0x0800213f   Thumb Code    18  stm32f10x_spi.o(.text)
    SPI_I2S_SendData                         0x08002151   Thumb Code     4  stm32f10x_spi.o(.text)
    SPI_I2S_ReceiveData                      0x08002155   Thumb Code     6  stm32f10x_spi.o(.text)
    SPI_NSSInternalSoftwareConfig            0x0800215b   Thumb Code    30  stm32f10x_spi.o(.text)
    SPI_SSOutputCmd                          0x08002179   Thumb Code    24  stm32f10x_spi.o(.text)
    SPI_DataSizeConfig                       0x08002191   Thumb Code    18  stm32f10x_spi.o(.text)
    SPI_TransmitCRC                          0x080021a3   Thumb Code    10  stm32f10x_spi.o(.text)
    SPI_CalculateCRC                         0x080021ad   Thumb Code    24  stm32f10x_spi.o(.text)
    SPI_GetCRC                               0x080021c5   Thumb Code    16  stm32f10x_spi.o(.text)
    SPI_GetCRCPolynomial                     0x080021d5   Thumb Code     6  stm32f10x_spi.o(.text)
    SPI_BiDirectionalLineConfig              0x080021db   Thumb Code    28  stm32f10x_spi.o(.text)
    SPI_I2S_GetFlagStatus                    0x080021f7   Thumb Code    18  stm32f10x_spi.o(.text)
    SPI_I2S_ClearFlag                        0x08002209   Thumb Code     6  stm32f10x_spi.o(.text)
    SPI_I2S_GetITStatus                      0x0800220f   Thumb Code    52  stm32f10x_spi.o(.text)
    SPI_I2S_ClearITPendingBit                0x08002243   Thumb Code    20  stm32f10x_spi.o(.text)
    CAN_DeInit                               0x08002265   Thumb Code    50  stm32f10x_can.o(.text)
    CAN_Init                                 0x08002297   Thumb Code   276  stm32f10x_can.o(.text)
    CAN_FilterInit                           0x080023ab   Thumb Code   258  stm32f10x_can.o(.text)
    CAN_StructInit                           0x080024ad   Thumb Code    32  stm32f10x_can.o(.text)
    CAN_SlaveStartBank                       0x080024cd   Thumb Code    48  stm32f10x_can.o(.text)
    CAN_DBGFreeze                            0x080024fd   Thumb Code    22  stm32f10x_can.o(.text)
    CAN_TTComModeCmd                         0x08002513   Thumb Code   118  stm32f10x_can.o(.text)
    CAN_Transmit                             0x08002589   Thumb Code   304  stm32f10x_can.o(.text)
    CAN_TransmitStatus                       0x080026b9   Thumb Code   138  stm32f10x_can.o(.text)
    CAN_CancelTransmit                       0x08002743   Thumb Code    48  stm32f10x_can.o(.text)
    CAN_Receive                              0x08002773   Thumb Code   240  stm32f10x_can.o(.text)
    CAN_FIFORelease                          0x08002863   Thumb Code    22  stm32f10x_can.o(.text)
    CAN_MessagePending                       0x08002879   Thumb Code    30  stm32f10x_can.o(.text)
    CAN_OperatingModeRequest                 0x08002897   Thumb Code   162  stm32f10x_can.o(.text)
    CAN_Sleep                                0x08002939   Thumb Code    30  stm32f10x_can.o(.text)
    CAN_WakeUp                               0x08002957   Thumb Code    48  stm32f10x_can.o(.text)
    CAN_GetLastErrorCode                     0x08002987   Thumb Code    12  stm32f10x_can.o(.text)
    CAN_GetReceiveErrorCounter               0x08002993   Thumb Code    10  stm32f10x_can.o(.text)
    CAN_GetLSBTransmitErrorCounter           0x0800299d   Thumb Code    12  stm32f10x_can.o(.text)
    CAN_ITConfig                             0x080029a9   Thumb Code    18  stm32f10x_can.o(.text)
    CAN_GetFlagStatus                        0x080029bb   Thumb Code   120  stm32f10x_can.o(.text)
    CAN_ClearFlag                            0x08002a33   Thumb Code    52  stm32f10x_can.o(.text)
    CAN_GetITStatus                          0x08002a79   Thumb Code   310  stm32f10x_can.o(.text)
    CAN_ClearITPendingBit                    0x08002baf   Thumb Code   162  stm32f10x_can.o(.text)
    EXTI_DeInit                              0x08002c55   Thumb Code    28  stm32f10x_exti.o(.text)
    EXTI_Init                                0x08002c71   Thumb Code   142  stm32f10x_exti.o(.text)
    EXTI_StructInit                          0x08002cff   Thumb Code    16  stm32f10x_exti.o(.text)
    EXTI_GenerateSWInterrupt                 0x08002d0f   Thumb Code    16  stm32f10x_exti.o(.text)
    EXTI_GetFlagStatus                       0x08002d1f   Thumb Code    22  stm32f10x_exti.o(.text)
    EXTI_ClearFlag                           0x08002d35   Thumb Code     8  stm32f10x_exti.o(.text)
    EXTI_GetITStatus                         0x08002d3d   Thumb Code    34  stm32f10x_exti.o(.text)
    EXTI_ClearITPendingBit                   0x08002d5f   Thumb Code     8  stm32f10x_exti.o(.text)
    LED_Init                                 0x08002d71   Thumb Code    48  led.o(.text)
    led_display                              0x08002da1   Thumb Code   206  led.o(.text)
    delay_us                                 0x08002e8d   Thumb Code    54  systick.o(.text)
    delay_ms                                 0x08002ec3   Thumb Code    56  systick.o(.text)
    RCC_HSE_Configuration                    0x08002efb   Thumb Code    90  systick.o(.text)
    rs485_init                               0x08002f55   Thumb Code   206  rs485.o(.text)
    USART2_IRQHandler                        0x08003023   Thumb Code    86  rs485.o(.text)
    RS485_pros                               0x08003079   Thumb Code   214  rs485.o(.text)
    _sys_exit                                0x08003211   Thumb Code     6  printf.o(.text)
    fputc                                    0x08003217   Thumb Code    32  printf.o(.text)
    printf_init                              0x08003237   Thumb Code   170  printf.o(.text)
    I2C_INIT                                 0x080032e9   Thumb Code    60  iic.o(.text)
    I2C_SDA_OUT                              0x08003325   Thumb Code    32  iic.o(.text)
    I2C_SDA_IN                               0x08003345   Thumb Code    26  iic.o(.text)
    I2C_Start                                0x0800335f   Thumb Code    60  iic.o(.text)
    I2C_Stop                                 0x0800339b   Thumb Code    60  iic.o(.text)
    I2C_Ack                                  0x080033d7   Thumb Code    60  iic.o(.text)
    I2C_NAck                                 0x08003413   Thumb Code    60  iic.o(.text)
    I2C_Wait_Ack                             0x0800344f   Thumb Code    86  iic.o(.text)
    I2C_Send_Byte                            0x080034a5   Thumb Code   100  iic.o(.text)
    I2C_Read_Byte                            0x08003509   Thumb Code    92  iic.o(.text)
    AT24Cxx_ReadOneByte                      0x08003569   Thumb Code    92  at24cxx.o(.text)
    AT24Cxx_ReadTwoByte                      0x080035c5   Thumb Code   104  at24cxx.o(.text)
    AT24Cxx_WriteOneByte                     0x0800362d   Thumb Code    80  at24cxx.o(.text)
    AT24Cxx_WriteTwoByte                     0x0800367d   Thumb Code    90  at24cxx.o(.text)
    IIC_pros                                 0x080036d7   Thumb Code   552  at24cxx.o(.text)
    adc_init                                 0x080039b1   Thumb Code   158  adc.o(.text)
    adc_change                               0x08003a4f   Thumb Code   404  adc.o(.text)
    TFT_GPIO_Config                          0x08003c4d   Thumb Code    74  lcd_driver.o(.text)
    TFT_FSMC_Config                          0x08003c97   Thumb Code    86  lcd_driver.o(.text)
    TFT_WriteCmd                             0x08003ced   Thumb Code     6  lcd_driver.o(.text)
    TFT_WriteData                            0x08003cf3   Thumb Code     8  lcd_driver.o(.text)
    TFT_Init                                 0x08003cfb   Thumb Code   374  lcd_driver.o(.text)
    TFT_SetWindow                            0x08003e71   Thumb Code    74  lcd_driver.o(.text)
    TFT_ClearScreen                          0x08003ebb   Thumb Code    56  lcd_driver.o(.text)
    GUI_Dot                                  0x08003f05   Thumb Code    28  gui.o(.text)
    GUI_Line                                 0x08003f21   Thumb Code   172  gui.o(.text)
    GUI_Box                                  0x08003fcd   Thumb Code    92  gui.o(.text)
    GUI_DrowSign                             0x08004029   Thumb Code   136  gui.o(.text)
    GUI_ShowPicture                          0x080040b1   Thumb Code    88  gui.o(.text)
    GUI_DisplayInit                          0x08004109   Thumb Code    20  gui.o(.text)
    GUI_Show12Char                           0x0800411d   Thumb Code   354  gui.o(.text)
    GUI_Show16Chinese                        0x0800427f   Thumb Code   204  gui.o(.text)
    dac_init                                 0x0800435d   Thumb Code    94  dac.o(.text)
    DAC_pros                                 0x080043bb   Thumb Code   496  dac.o(.text)
    SPI1_Config                              0x080045ed   Thumb Code   128  spi.o(.text)
    SPI2_WriteReadData                       0x0800466d   Thumb Code    82  spi.o(.text)
    SPI2_Config                              0x080046bf   Thumb Code   132  spi.o(.text)
    SPI1_SetSpeed                            0x08004743   Thumb Code    36  spi.o(.text)
    SPI2_SetSpeed                            0x08004767   Thumb Code    36  spi.o(.text)
    SPI1_WriteReadData                       0x0800478b   Thumb Code    68  spi.o(.text)
    FLASH_ReadID                             0x080047e1   Thumb Code    90  flash.o(.text)
    FLASH_Init                               0x0800483b   Thumb Code    92  flash.o(.text)
    FLASH_ReadData                           0x080048eb   Thumb Code   110  flash.o(.text)
    FLASH_ChipErase                          0x080049dd   Thumb Code    58  flash.o(.text)
    FLASH_WriteData                          0x08004ab5   Thumb Code   188  flash.o(.text)
    flash_pros                               0x08004b71   Thumb Code   474  flash.o(.text)
    TOUCH_Init                               0x0800509f   Thumb Code    84  touch.o(.text)
    TOUCH_Scan                               0x080050f3   Thumb Code   202  touch.o(.text)
    SRAM_Config                              0x080051c1   Thumb Code   184  sram.o(.text)
    SRAM_WriteBuffer                         0x08005279   Thumb Code    26  sram.o(.text)
    SRAM_ReadBuffer                          0x08005293   Thumb Code    26  sram.o(.text)
    SRAM_Test                                0x080052ad   Thumb Code    78  sram.o(.text)
    SRAM_pros                                0x080052fb   Thumb Code   510  sram.o(.text)
    SD_GPIO_Config                           0x08005589   Thumb Code    66  sd.o(.text)
    SD_WriteCmd                              0x080055cb   Thumb Code   176  sd.o(.text)
    SD_Init                                  0x0800567b   Thumb Code   412  sd.o(.text)
    SD_ReadCapacity                          0x08005817   Thumb Code   228  sd.o(.text)
    SD_ReadData                              0x080058fb   Thumb Code    74  sd.o(.text)
    SD_ReadDisk                              0x08005945   Thumb Code   176  sd.o(.text)
    SD_WriteData                             0x080059f5   Thumb Code   114  sd.o(.text)
    SD_WriteDisk                             0x08005a67   Thumb Code   220  sd.o(.text)
    SD_pros                                  0x08005b43   Thumb Code   462  sd.o(.text)
    ds18b20_init                             0x08005df1   Thumb Code    40  ds18b20.o(.text)
    DQININT                                  0x08005e19   Thumb Code    32  ds18b20.o(.text)
    DQOUTINT                                 0x08005e39   Thumb Code    32  ds18b20.o(.text)
    ds18b20init                              0x08005e59   Thumb Code    44  ds18b20.o(.text)
    ds18b20wr                                0x08005e85   Thumb Code    86  ds18b20.o(.text)
    DS18b20rd                                0x08005edb   Thumb Code    88  ds18b20.o(.text)
    readtemp                                 0x08005f33   Thumb Code   128  ds18b20.o(.text)
    DS18B20_pros                             0x08005fb3   Thumb Code   348  ds18b20.o(.text)
    ADX345_Init                              0x08006283   Thumb Code    80  adx345.o(.text)
    ADX345_Adjust                            0x080062d3   Thumb Code   180  adx345.o(.text)
    ADX_GetXYZData                           0x08006387   Thumb Code   110  adx345.o(.text)
    ADX_GetAngle                             0x080063f5   Thumb Code   380  adx345.o(.text)
    ADX345_pros                              0x08006571   Thumb Code   702  adx345.o(.text)
    CAN1_Config                              0x080068cd   Thumb Code   148  can.o(.text)
    CAN1_SendMesg                            0x08006961   Thumb Code   100  can.o(.text)
    CAN1_Config16BitFilter                   0x080069c5   Thumb Code    86  can.o(.text)
    CAN1_Config32BitFilter                   0x08006a1b   Thumb Code    86  can.o(.text)
    CAN1_ReceiveMesg                         0x08006a71   Thumb Code    58  can.o(.text)
    USB_LP_CAN1_RX0_IRQHandler               0x08006aab   Thumb Code    10  can.o(.text)
    GUI_DisplayData                          0x08006ab5   Thumb Code   414  can.o(.text)
    CAN_pros                                 0x08006c53   Thumb Code  1038  can.o(.text)
    BEEP_Init                                0x08007201   Thumb Code    38  beep.o(.text)
    sound2                                   0x08007227   Thumb Code   176  beep.o(.text)
    key_init                                 0x080072f5   Thumb Code    72  key.o(.text)
    key_pros                                 0x0800733d   Thumb Code   482  key.o(.text)
    usart_init                               0x08007575   Thumb Code   184  usart.o(.text)
    USART1_IRQHandler                        0x0800762d   Thumb Code    58  usart.o(.text)
    COM_pros                                 0x08007667   Thumb Code   194  usart.o(.text)
    smg_init                                 0x080077ad   Thumb Code    38  smg.o(.text)
    static_smg_display                       0x080077d3   Thumb Code   216  smg.o(.text)
    hwjs_init                                0x080078e1   Thumb Code   118  hwjs.o(.text)
    HW_jssj                                  0x08007957   Thumb Code    42  hwjs.o(.text)
    EXTI15_10_IRQHandler                     0x08007981   Thumb Code   126  hwjs.o(.text)
    HW_pros                                  0x080079ff   Thumb Code   426  hwjs.o(.text)
    standmodeinit                            0x08007bf1   Thumb Code    30  lowpower.o(.text)
    low_pros                                 0x08007c0f   Thumb Code   266  lowpower.o(.text)
    __use_no_semihosting                     0x08007dc5   Thumb Code     2  use_no_semi_2.o(.text)
    __use_two_region_memory                  0x08007dc7   Thumb Code     2  heapauxi.o(.text)
    __rt_heap_escrow$2region                 0x08007dc9   Thumb Code     2  heapauxi.o(.text)
    __rt_heap_expand$2region                 0x08007dcb   Thumb Code     2  heapauxi.o(.text)
    __I$use$semihosting                      0x08007dcd   Thumb Code     0  use_no_semi.o(.text)
    __use_no_semihosting_swi                 0x08007dcd   Thumb Code     2  use_no_semi.o(.text)
    __read_errno                             0x08007dcf   Thumb Code    10  _rserrno.o(.text)
    __set_errno                              0x08007dd9   Thumb Code    12  _rserrno.o(.text)
    __aeabi_errno_addr                       0x08007de5   Thumb Code     8  rt_errno_addr_intlibspace.o(.text)
    __errno$intlibspace                      0x08007de5   Thumb Code     0  rt_errno_addr_intlibspace.o(.text)
    __rt_errno_addr$intlibspace              0x08007de5   Thumb Code     0  rt_errno_addr_intlibspace.o(.text)
    __user_libspace                          0x08007ded   Thumb Code     8  libspace.o(.text)
    __user_perproc_libspace                  0x08007ded   Thumb Code     0  libspace.o(.text)
    __user_perthread_libspace                0x08007ded   Thumb Code     0  libspace.o(.text)
    __user_setup_stackheap                   0x08007df5   Thumb Code    74  sys_stackheap_outer.o(.text)
    exit                                     0x08007e3f   Thumb Code    18  exit.o(.text)
    __ARM_fpclassify                         0x08007e51   Thumb Code    40  fpclassify.o(i.__ARM_fpclassify)
    __kernel_poly                            0x08007e79   Thumb Code   170  poly.o(i.__kernel_poly)
    __mathlib_dbl_infnan                     0x08007f23   Thumb Code     6  dunder.o(i.__mathlib_dbl_infnan)
    __mathlib_dbl_underflow                  0x08007f29   Thumb Code    10  dunder.o(i.__mathlib_dbl_underflow)
    atan                                     0x08007f39   Thumb Code   474  atan.o(i.atan)
    sqrt                                     0x08008159   Thumb Code    76  sqrt.o(i.sqrt)
    __aeabi_d2f                              0x080081a5   Thumb Code     0  d2f.o(x$fpl$d2f)
    _d2f                                     0x080081a5   Thumb Code    98  d2f.o(x$fpl$d2f)
    __aeabi_dadd                             0x08008209   Thumb Code     0  daddsub_clz.o(x$fpl$dadd)
    _dadd                                    0x08008209   Thumb Code   332  daddsub_clz.o(x$fpl$dadd)
    __fpl_dcheck_NaN1                        0x08008359   Thumb Code    10  dcheck1.o(x$fpl$dcheck1)
    __aeabi_ddiv                             0x08008369   Thumb Code     0  ddiv.o(x$fpl$ddiv)
    _ddiv                                    0x08008369   Thumb Code   552  ddiv.o(x$fpl$ddiv)
    __aeabi_d2uiz                            0x08008619   Thumb Code     0  dfixu.o(x$fpl$dfixu)
    _dfixu                                   0x08008619   Thumb Code    90  dfixu.o(x$fpl$dfixu)
    __aeabi_ui2d                             0x08008673   Thumb Code     0  dflt_clz.o(x$fpl$dfltu)
    _dfltu                                   0x08008673   Thumb Code    38  dflt_clz.o(x$fpl$dfltu)
    __aeabi_dmul                             0x08008699   Thumb Code     0  dmul.o(x$fpl$dmul)
    _dmul                                    0x08008699   Thumb Code   332  dmul.o(x$fpl$dmul)
    __fpl_dnaninf                            0x080087ed   Thumb Code   156  dnaninf.o(x$fpl$dnaninf)
    __fpl_dretinf                            0x08008889   Thumb Code    12  dretinf.o(x$fpl$dretinf)
    __aeabi_drsub                            0x08008895   Thumb Code     0  daddsub_clz.o(x$fpl$drsb)
    _drsb                                    0x08008895   Thumb Code    22  daddsub_clz.o(x$fpl$drsb)
    _dsqrt                                   0x080088ad   Thumb Code   456  dsqrt_noumaal.o(x$fpl$dsqrt)
    __aeabi_dsub                             0x08008a79   Thumb Code     0  daddsub_clz.o(x$fpl$dsub)
    _dsub                                    0x08008a79   Thumb Code   464  daddsub_clz.o(x$fpl$dsub)
    __aeabi_f2d                              0x08008c4d   Thumb Code     0  f2d.o(x$fpl$f2d)
    _f2d                                     0x08008c4d   Thumb Code    86  f2d.o(x$fpl$f2d)
    __aeabi_fadd                             0x08008ca5   Thumb Code     0  faddsub_clz.o(x$fpl$fadd)
    _fadd                                    0x08008ca5   Thumb Code   196  faddsub_clz.o(x$fpl$fadd)
    __aeabi_fdiv                             0x08008d69   Thumb Code     0  fdiv.o(x$fpl$fdiv)
    _fdiv                                    0x08008d69   Thumb Code   384  fdiv.o(x$fpl$fdiv)
    __aeabi_f2iz                             0x08008eed   Thumb Code     0  ffix.o(x$fpl$ffix)
    _ffix                                    0x08008eed   Thumb Code    54  ffix.o(x$fpl$ffix)
    __aeabi_f2uiz                            0x08008f25   Thumb Code     0  ffixu.o(x$fpl$ffixu)
    _ffixu                                   0x08008f25   Thumb Code    62  ffixu.o(x$fpl$ffixu)
    __aeabi_i2f                              0x08008f65   Thumb Code     0  fflt_clz.o(x$fpl$fflt)
    _fflt                                    0x08008f65   Thumb Code    48  fflt_clz.o(x$fpl$fflt)
    __aeabi_ui2f                             0x08008f95   Thumb Code     0  fflt_clz.o(x$fpl$ffltu)
    _ffltu                                   0x08008f95   Thumb Code    38  fflt_clz.o(x$fpl$ffltu)
    __aeabi_fmul                             0x08008fbd   Thumb Code     0  fmul.o(x$fpl$fmul)
    _fmul                                    0x08008fbd   Thumb Code   258  fmul.o(x$fpl$fmul)
    __fpl_fnaninf                            0x080090bf   Thumb Code   140  fnaninf.o(x$fpl$fnaninf)
    __fpl_fretinf                            0x0800914b   Thumb Code    10  fretinf.o(x$fpl$fretinf)
    __aeabi_frsub                            0x08009155   Thumb Code     0  faddsub_clz.o(x$fpl$frsb)
    _frsb                                    0x08009155   Thumb Code    20  faddsub_clz.o(x$fpl$frsb)
    __aeabi_fsub                             0x08009169   Thumb Code     0  faddsub_clz.o(x$fpl$fsub)
    _fsub                                    0x08009169   Thumb Code   234  faddsub_clz.o(x$fpl$fsub)
    __fpl_return_NaN                         0x08009253   Thumb Code   100  retnan.o(x$fpl$retnan)
    __ARM_scalbn                             0x080092b7   Thumb Code    92  scalbn.o(x$fpl$scalbn)
    __fpl_cmpreturn                          0x08009313   Thumb Code    48  trapv.o(x$fpl$trapveneer)
    __I$use$fp                               0x08009342   Number         0  usenofp.o(x$fpl$usenofp)
    pic                                      0x08009342   Data       307200  gui.o(.constdata)
    CAN_ModeNormal                           0x08054342   Data           9  can.o(.constdata)
    CAN_ModeLoopBack                         0x0805434b   Data           9  can.o(.constdata)
    Region$$Table$$Base                      0x08054520   Number         0  anon$$obj.o(Region$$Table)
    Region$$Table$$Limit                     0x08054540   Number         0  anon$$obj.o(Region$$Table)
    SystemCoreClock                          0x20000000   Data           4  system_stm32f10x.o(.data)
    AHBPrescTable                            0x20000004   Data          16  system_stm32f10x.o(.data)
    TouchData                                0x2000002a   Data           8  touch.o(.data)
    SD_TYPE                                  0x20000032   Data           1  sd.o(.data)
    CAN_RX_BUFF                              0x20000034   Data           8  can.o(.data)
    ShowData                                 0x2000003c   Data           5  can.o(.data)
    CAN_SendData                             0x20000041   Data          11  can.o(.data)
    Mode                                     0x2000004c   Data           4  can.o(.data)
    smgduan                                  0x20000051   Data          16  smg.o(.data)
    hw_jsm                                   0x20000064   Data           4  hwjs.o(.data)
    hw_jsbz                                  0x20000068   Data           1  hwjs.o(.data)
    __libspace_start                         0x2000107c   Data          96  libspace.o(.bss)
    __temporary_stack_top$libspace           0x200010dc   Data           0  libspace.o(.bss)
    MemoryBase                               0x68000000   Data       204800  malloc.o(.ARM.__AT_0x68000000)
    MemoryManagementMap                      0x68032000   Data       12800  malloc.o(.ARM.__AT_0x68032000)



==============================================================================

Memory Map of the image

  Image Entry point : 0x08000131

  Load Region LR_IROM1 (Base: 0x08000000, Size: 0x000545ac, Max: 0x00080000, ABSOLUTE)

    Execution Region ER_IROM1 (Base: 0x08000000, Size: 0x00054540, Max: 0x00080000, ABSOLUTE)

    Base Addr    Size         Type   Attr      Idx    E Section Name        Object

    0x08000000   0x00000130   Data   RO          245    RESET               startup_stm32f10x_hd.o
    0x08000130   0x00000008   Code   RO          939  * !!!main             c_w.l(__main.o)
    0x08000138   0x00000034   Code   RO         1218    !!!scatter          c_w.l(__scatter.o)
    0x0800016c   0x0000001a   Code   RO         1220    !!handler_copy      c_w.l(__scatter_copy.o)
    0x08000186   0x00000002   PAD
    0x08000188   0x0000001c   Code   RO         1222    !!handler_zi        c_w.l(__scatter_zi.o)
    0x080001a4   0x00000002   Code   RO         1091    .ARM.Collect$$libinit$$00000000  c_w.l(libinit.o)
    0x080001a6   0x00000000   Code   RO         1097    .ARM.Collect$$libinit$$00000002  c_w.l(libinit2.o)
    0x080001a6   0x00000000   Code   RO         1099    .ARM.Collect$$libinit$$00000004  c_w.l(libinit2.o)
    0x080001a6   0x00000000   Code   RO         1102    .ARM.Collect$$libinit$$0000000A  c_w.l(libinit2.o)
    0x080001a6   0x00000000   Code   RO         1104    .ARM.Collect$$libinit$$0000000C  c_w.l(libinit2.o)
    0x080001a6   0x00000000   Code   RO         1106    .ARM.Collect$$libinit$$0000000E  c_w.l(libinit2.o)
    0x080001a6   0x00000000   Code   RO         1109    .ARM.Collect$$libinit$$00000011  c_w.l(libinit2.o)
    0x080001a6   0x00000000   Code   RO         1111    .ARM.Collect$$libinit$$00000013  c_w.l(libinit2.o)
    0x080001a6   0x00000000   Code   RO         1113    .ARM.Collect$$libinit$$00000015  c_w.l(libinit2.o)
    0x080001a6   0x00000000   Code   RO         1115    .ARM.Collect$$libinit$$00000017  c_w.l(libinit2.o)
    0x080001a6   0x00000000   Code   RO         1117    .ARM.Collect$$libinit$$00000019  c_w.l(libinit2.o)
    0x080001a6   0x00000000   Code   RO         1119    .ARM.Collect$$libinit$$0000001B  c_w.l(libinit2.o)
    0x080001a6   0x00000000   Code   RO         1121    .ARM.Collect$$libinit$$0000001D  c_w.l(libinit2.o)
    0x080001a6   0x00000000   Code   RO         1123    .ARM.Collect$$libinit$$0000001F  c_w.l(libinit2.o)
    0x080001a6   0x00000000   Code   RO         1125    .ARM.Collect$$libinit$$00000021  c_w.l(libinit2.o)
    0x080001a6   0x00000000   Code   RO         1127    .ARM.Collect$$libinit$$00000023  c_w.l(libinit2.o)
    0x080001a6   0x00000000   Code   RO         1129    .ARM.Collect$$libinit$$00000025  c_w.l(libinit2.o)
    0x080001a6   0x00000000   Code   RO         1133    .ARM.Collect$$libinit$$0000002C  c_w.l(libinit2.o)
    0x080001a6   0x00000000   Code   RO         1135    .ARM.Collect$$libinit$$0000002E  c_w.l(libinit2.o)
    0x080001a6   0x00000000   Code   RO         1137    .ARM.Collect$$libinit$$00000030  c_w.l(libinit2.o)
    0x080001a6   0x00000000   Code   RO         1139    .ARM.Collect$$libinit$$00000032  c_w.l(libinit2.o)
    0x080001a6   0x00000002   Code   RO         1140    .ARM.Collect$$libinit$$00000033  c_w.l(libinit2.o)
    0x080001a8   0x00000002   Code   RO         1160    .ARM.Collect$$libshutdown$$00000000  c_w.l(libshutdown.o)
    0x080001aa   0x00000000   Code   RO         1170    .ARM.Collect$$libshutdown$$00000002  c_w.l(libshutdown2.o)
    0x080001aa   0x00000000   Code   RO         1172    .ARM.Collect$$libshutdown$$00000004  c_w.l(libshutdown2.o)
    0x080001aa   0x00000000   Code   RO         1175    .ARM.Collect$$libshutdown$$00000007  c_w.l(libshutdown2.o)
    0x080001aa   0x00000000   Code   RO         1178    .ARM.Collect$$libshutdown$$0000000A  c_w.l(libshutdown2.o)
    0x080001aa   0x00000000   Code   RO         1180    .ARM.Collect$$libshutdown$$0000000C  c_w.l(libshutdown2.o)
    0x080001aa   0x00000000   Code   RO         1183    .ARM.Collect$$libshutdown$$0000000F  c_w.l(libshutdown2.o)
    0x080001aa   0x00000002   Code   RO         1184    .ARM.Collect$$libshutdown$$00000010  c_w.l(libshutdown2.o)
    0x080001ac   0x00000000   Code   RO         1015    .ARM.Collect$$rtentry$$00000000  c_w.l(__rtentry.o)
    0x080001ac   0x00000000   Code   RO         1054    .ARM.Collect$$rtentry$$00000002  c_w.l(__rtentry2.o)
    0x080001ac   0x00000006   Code   RO         1066    .ARM.Collect$$rtentry$$00000004  c_w.l(__rtentry4.o)
    0x080001b2   0x00000000   Code   RO         1056    .ARM.Collect$$rtentry$$00000009  c_w.l(__rtentry2.o)
    0x080001b2   0x00000004   Code   RO         1057    .ARM.Collect$$rtentry$$0000000A  c_w.l(__rtentry2.o)
    0x080001b6   0x00000000   Code   RO         1059    .ARM.Collect$$rtentry$$0000000C  c_w.l(__rtentry2.o)
    0x080001b6   0x00000008   Code   RO         1060    .ARM.Collect$$rtentry$$0000000D  c_w.l(__rtentry2.o)
    0x080001be   0x00000002   Code   RO         1094    .ARM.Collect$$rtexit$$00000000  c_w.l(rtexit.o)
    0x080001c0   0x00000000   Code   RO         1144    .ARM.Collect$$rtexit$$00000002  c_w.l(rtexit2.o)
    0x080001c0   0x00000004   Code   RO         1145    .ARM.Collect$$rtexit$$00000003  c_w.l(rtexit2.o)
    0x080001c4   0x00000006   Code   RO         1146    .ARM.Collect$$rtexit$$00000004  c_w.l(rtexit2.o)
    0x080001ca   0x00000002   PAD
    0x080001cc   0x000002b8   Code   RO            1    .text               main.o
    0x08000484   0x0000001a   Code   RO          174    .text               stm32f10x_it.o
    0x0800049e   0x00000002   PAD
    0x080004a0   0x000001e0   Code   RO          206    .text               system_stm32f10x.o
    0x08000680   0x00000040   Code   RO          246    .text               startup_stm32f10x_hd.o
    0x080006c0   0x0000035c   Code   RO          250    .text               stm32f10x_gpio.o
    0x08000a1c   0x000003a4   Code   RO          262    .text               stm32f10x_rcc.o
    0x08000dc0   0x00000408   Code   RO          276    .text               stm32f10x_usart.o
    0x080011c8   0x000000dc   Code   RO          288    .text               misc.o
    0x080012a4   0x0000044e   Code   RO          300    .text               stm32f10x_adc.o
    0x080016f2   0x00000002   PAD
    0x080016f4   0x000000cc   Code   RO          324    .text               stm32f10x_pwr.o
    0x080017c0   0x0000060c   Code   RO          336    .text               stm32f10x_fsmc.o
    0x08001dcc   0x0000018c   Code   RO          348    .text               stm32f10x_dac.o
    0x08001f58   0x0000030c   Code   RO          360    .text               stm32f10x_spi.o
    0x08002264   0x000009f0   Code   RO          384    .text               stm32f10x_can.o
    0x08002c54   0x0000011c   Code   RO          396    .text               stm32f10x_exti.o
    0x08002d70   0x0000011c   Code   RO          408    .text               led.o
    0x08002e8c   0x000000c8   Code   RO          426    .text               systick.o
    0x08002f54   0x000002bc   Code   RO          441    .text               rs485.o
    0x08003210   0x000000d8   Code   RO          458    .text               printf.o
    0x080032e8   0x00000280   Code   RO          480    .text               iic.o
    0x08003568   0x00000448   Code   RO          495    .text               at24cxx.o
    0x080039b0   0x0000029c   Code   RO          510    .text               adc.o
    0x08003c4c   0x000002b8   Code   RO          525    .text               lcd_driver.o
    0x08003f04   0x00000458   Code   RO          540    .text               gui.o
    0x0800435c   0x00000290   Code   RO          559    .text               dac.o
    0x080045ec   0x000001f4   Code   RO          574    .text               spi.o
    0x080047e0   0x000005a4   Code   RO          589    .text               flash.o
    0x08004d84   0x0000043c   Code   RO          609    .text               touch.o
    0x080051c0   0x000003c8   Code   RO          628    .text               sram.o
    0x08005588   0x00000868   Code   RO          663    .text               sd.o
    0x08005df0   0x00000354   Code   RO          681    .text               ds18b20.o
    0x08006144   0x0000075c   Code   RO          697    .text               adx345.o
    0x080068a0   0x00000960   Code   RO          719    .text               can.o
    0x08007200   0x000000f4   Code   RO          781    .text               beep.o
    0x080072f4   0x00000280   Code   RO          796    .text               key.o
    0x08007574   0x00000238   Code   RO          811    .text               usart.o
    0x080077ac   0x00000134   Code   RO          828    .text               smg.o
    0x080078e0   0x00000310   Code   RO          846    .text               hwjs.o
    0x08007bf0   0x000001d4   Code   RO          864    .text               lowpower.o
    0x08007dc4   0x00000002   Code   RO          935    .text               c_w.l(use_no_semi_2.o)
    0x08007dc6   0x00000006   Code   RO          937    .text               c_w.l(heapauxi.o)
    0x08007dcc   0x00000002   Code   RO         1013    .text               c_w.l(use_no_semi.o)
    0x08007dce   0x00000016   Code   RO         1016    .text               c_w.l(_rserrno.o)
    0x08007de4   0x00000008   Code   RO         1071    .text               c_w.l(rt_errno_addr_intlibspace.o)
    0x08007dec   0x00000008   Code   RO         1079    .text               c_w.l(libspace.o)
    0x08007df4   0x0000004a   Code   RO         1082    .text               c_w.l(sys_stackheap_outer.o)
    0x08007e3e   0x00000012   Code   RO         1084    .text               c_w.l(exit.o)
    0x08007e50   0x00000028   Code   RO         1049    i.__ARM_fpclassify  m_ws.l(fpclassify.o)
    0x08007e78   0x000000aa   Code   RO         1051    i.__kernel_poly     m_ws.l(poly.o)
    0x08007f22   0x00000006   Code   RO         1036    i.__mathlib_dbl_infnan  m_ws.l(dunder.o)
    0x08007f28   0x00000010   Code   RO         1041    i.__mathlib_dbl_underflow  m_ws.l(dunder.o)
    0x08007f38   0x00000220   Code   RO          996    i.atan              m_ws.l(atan.o)
    0x08008158   0x0000004c   Code   RO         1006    i.sqrt              m_ws.l(sqrt.o)
    0x080081a4   0x00000062   Code   RO          941    x$fpl$d2f           fz_ws.l(d2f.o)
    0x08008206   0x00000002   PAD
    0x08008208   0x00000150   Code   RO          943    x$fpl$dadd          fz_ws.l(daddsub_clz.o)
    0x08008358   0x00000010   Code   RO         1073    x$fpl$dcheck1       fz_ws.l(dcheck1.o)
    0x08008368   0x000002b0   Code   RO          950    x$fpl$ddiv          fz_ws.l(ddiv.o)
    0x08008618   0x0000005a   Code   RO          953    x$fpl$dfixu         fz_ws.l(dfixu.o)
    0x08008672   0x00000026   Code   RO          957    x$fpl$dfltu         fz_ws.l(dflt_clz.o)
    0x08008698   0x00000154   Code   RO          963    x$fpl$dmul          fz_ws.l(dmul.o)
    0x080087ec   0x0000009c   Code   RO         1020    x$fpl$dnaninf       fz_ws.l(dnaninf.o)
    0x08008888   0x0000000c   Code   RO         1022    x$fpl$dretinf       fz_ws.l(dretinf.o)
    0x08008894   0x00000016   Code   RO          944    x$fpl$drsb          fz_ws.l(daddsub_clz.o)
    0x080088aa   0x00000002   PAD
    0x080088ac   0x000001cc   Code   RO         1024    x$fpl$dsqrt         fz_ws.l(dsqrt_noumaal.o)
    0x08008a78   0x000001d4   Code   RO          945    x$fpl$dsub          fz_ws.l(daddsub_clz.o)
    0x08008c4c   0x00000056   Code   RO          965    x$fpl$f2d           fz_ws.l(f2d.o)
    0x08008ca2   0x00000002   PAD
    0x08008ca4   0x000000c4   Code   RO          967    x$fpl$fadd          fz_ws.l(faddsub_clz.o)
    0x08008d68   0x00000184   Code   RO          974    x$fpl$fdiv          fz_ws.l(fdiv.o)
    0x08008eec   0x00000036   Code   RO          977    x$fpl$ffix          fz_ws.l(ffix.o)
    0x08008f22   0x00000002   PAD
    0x08008f24   0x0000003e   Code   RO          981    x$fpl$ffixu         fz_ws.l(ffixu.o)
    0x08008f62   0x00000002   PAD
    0x08008f64   0x00000030   Code   RO          986    x$fpl$fflt          fz_ws.l(fflt_clz.o)
    0x08008f94   0x00000026   Code   RO          985    x$fpl$ffltu         fz_ws.l(fflt_clz.o)
    0x08008fba   0x00000002   PAD
    0x08008fbc   0x00000102   Code   RO          991    x$fpl$fmul          fz_ws.l(fmul.o)
    0x080090be   0x0000008c   Code   RO         1028    x$fpl$fnaninf       fz_ws.l(fnaninf.o)
    0x0800914a   0x0000000a   Code   RO         1030    x$fpl$fretinf       fz_ws.l(fretinf.o)
    0x08009154   0x00000014   Code   RO          968    x$fpl$frsb          fz_ws.l(faddsub_clz.o)
    0x08009168   0x000000ea   Code   RO          969    x$fpl$fsub          fz_ws.l(faddsub_clz.o)
    0x08009252   0x00000064   Code   RO         1092    x$fpl$retnan        fz_ws.l(retnan.o)
    0x080092b6   0x0000005c   Code   RO         1032    x$fpl$scalbn        fz_ws.l(scalbn.o)
    0x08009312   0x00000030   Code   RO         1141    x$fpl$trapveneer    fz_ws.l(trapv.o)
    0x08009342   0x00000000   Code   RO         1034    x$fpl$usenofp       fz_ws.l(usenofp.o)
    0x08009342   0x0004b000   Data   RO          541    .constdata          gui.o
    0x08054342   0x00000012   Data   RO          720    .constdata          can.o
    0x08054354   0x00000004   PAD
    0x08054358   0x00000098   Data   RO          997    .constdata          m_ws.l(atan.o)
    0x080543f0   0x0000006e   Data   RO          442    .conststring        rs485.o
    0x0805445e   0x00000002   PAD
    0x08054460   0x00000049   Data   RO          682    .conststring        ds18b20.o
    0x080544a9   0x00000003   PAD
    0x080544ac   0x00000071   Data   RO          812    .conststring        usart.o
    0x0805451d   0x00000003   PAD
    0x08054520   0x00000020   Data   RO         1216    Region$$Table       anon$$obj.o


    Execution Region RW_IRAM1 (Base: 0x20000000, Size: 0x000016e0, Max: 0x00010000, ABSOLUTE)

    Base Addr    Size         Type   Attr      Idx    E Section Name        Object

    0x20000000   0x00000014   Data   RW          207    .data               system_stm32f10x.o
    0x20000014   0x00000014   Data   RW          263    .data               stm32f10x_rcc.o
    0x20000028   0x00000001   Data   RW          443    .data               rs485.o
    0x20000029   0x00000001   PAD
    0x2000002a   0x00000008   Data   RW          611    .data               touch.o
    0x20000032   0x00000001   Data   RW          664    .data               sd.o
    0x20000033   0x00000001   PAD
    0x20000034   0x0000001c   Data   RW          721    .data               can.o
    0x20000050   0x00000001   Data   RW          813    .data               usart.o
    0x20000051   0x00000010   Data   RW          829    .data               smg.o
    0x20000061   0x00000003   PAD
    0x20000064   0x00000005   Data   RW          847    .data               hwjs.o
    0x20000069   0x00000003   PAD
    0x2000006c   0x00001000   Zero   RW          590    .bss                flash.o
    0x2000106c   0x00000010   Zero   RW          610    .bss                touch.o
    0x2000107c   0x00000060   Zero   RW         1080    .bss                c_w.l(libspace.o)
    0x200010dc   0x00000004   PAD
    0x200010e0   0x00000200   Zero   RW          244    HEAP                startup_stm32f10x_hd.o
    0x200012e0   0x00000400   Zero   RW          243    STACK               startup_stm32f10x_hd.o



  Load Region LR$$.ARM.__AT_0x68000000 (Base: 0x68000000, Size: 0x00000000, Max: 0x00032000, ABSOLUTE)

    Execution Region ER$$.ARM.__AT_0x68000000 (Base: 0x68000000, Size: 0x00032000, Max: 0x00032000, ABSOLUTE, UNINIT)

    Base Addr    Size         Type   Attr      Idx    E Section Name        Object

    0x68000000   0x00032000   Zero   RW          644    .ARM.__AT_0x68000000  malloc.o



  Load Region LR$$.ARM.__AT_0x68032000 (Base: 0x68032000, Size: 0x00000000, Max: 0x00003200, ABSOLUTE)

    Execution Region ER$$.ARM.__AT_0x68032000 (Base: 0x68032000, Size: 0x00003200, Max: 0x00003200, ABSOLUTE, UNINIT)

    Base Addr    Size         Type   Attr      Idx    E Section Name        Object

    0x68032000   0x00003200   Zero   RW          645    .ARM.__AT_0x68032000  malloc.o


==============================================================================

Image component sizes


      Code (inc. data)   RO Data    RW Data    ZI Data      Debug   Object Name

       668        106          0          0          0       1002   adc.o
      1884        122          0          0          0       3952   adx345.o
      1096        178          0          0          0       1885   at24cxx.o
       244         30          0          0          0        703   beep.o
      2400        504         18         28          0       4156   can.o
         0          0          0          0          0         32   core_cm3.o
       656         66          0          0          0       1048   dac.o
       852         54         73          0          0       2054   ds18b20.o
      1444        154          0          0       4096       3768   flash.o
      1112         18     307200          0          0       4807   gui.o
       784         72          0          5          0       1806   hwjs.o
       640          4          0          0          0       2159   iic.o
       640         86          0          0          0        860   key.o
       696         18          0          0          0       2104   lcd_driver.o
       284         30          0          0          0        767   led.o
       468        172          0          0          0        725   lowpower.o
       696          4          0          0          0     273715   main.o
         0          0          0          0     217600       1260   malloc.o
       220         22          0          0          0       1953   misc.o
       216          8          0          0          0       2633   printf.o
       700        194        110          1          0       1090   rs485.o
      2152        236          0          1          0       4729   sd.o
       308         54          0         16          0       1312   smg.o
       500         18          0          0          0       1860   spi.o
       968        144          0          0          0       2227   sram.o
        64         26        304          0       1536        816   startup_stm32f10x_hd.o
      1102         26          0          0          0      11193   stm32f10x_adc.o
      2544         38          0          0          0       8184   stm32f10x_can.o
       396          6          0          0          0       3810   stm32f10x_dac.o
       284         10          0          0          0       2411   stm32f10x_exti.o
      1548         18          0          0          0       5527   stm32f10x_fsmc.o
       860         38          0          0          0       5885   stm32f10x_gpio.o
        26          0          0          0          0       1234   stm32f10x_it.o
       204         14          0          0          0       2019   stm32f10x_pwr.o
       932         36          0         20          0       9108   stm32f10x_rcc.o
       780         14          0          0          0       6766   stm32f10x_spi.o
      1032         22          0          0          0       8608   stm32f10x_usart.o
       480         38          0         20          0       2111   system_stm32f10x.o
       200          0          0          0          0        898   systick.o
      1084         36          0          8         16       4316   touch.o
       568        132        113          1          0       1048   usart.o

    ----------------------------------------------------------------------
     31736       2748     307862        108     223248     396541   Object Totals
         0          0         32          0          0          0   (incl. Generated)
         4          0         12          8          0          0   (incl. Padding)

    ----------------------------------------------------------------------

      Code (inc. data)   RO Data    RW Data    ZI Data      Debug   Library Member Name

         8          0          0          0          0         68   __main.o
         0          0          0          0          0          0   __rtentry.o
        12          0          0          0          0          0   __rtentry2.o
         6          0          0          0          0          0   __rtentry4.o
        52          8          0          0          0          0   __scatter.o
        26          0          0          0          0          0   __scatter_copy.o
        28          0          0          0          0          0   __scatter_zi.o
        22          0          0          0          0        100   _rserrno.o
        18          0          0          0          0         80   exit.o
         6          0          0          0          0        152   heapauxi.o
         2          0          0          0          0          0   libinit.o
         2          0          0          0          0          0   libinit2.o
         2          0          0          0          0          0   libshutdown.o
         2          0          0          0          0          0   libshutdown2.o
         8          4          0          0         96         68   libspace.o
         8          4          0          0          0         68   rt_errno_addr_intlibspace.o
         2          0          0          0          0          0   rtexit.o
        10          0          0          0          0          0   rtexit2.o
        74          0          0          0          0         80   sys_stackheap_outer.o
         2          0          0          0          0         68   use_no_semi.o
         2          0          0          0          0         68   use_no_semi_2.o
        98          4          0          0          0         92   d2f.o
       826         16          0          0          0        348   daddsub_clz.o
        16          4          0          0          0         68   dcheck1.o
       688        140          0          0          0        208   ddiv.o
        90          4          0          0          0         92   dfixu.o
        38          0          0          0          0         68   dflt_clz.o
       340         12          0          0          0        104   dmul.o
       156          4          0          0          0         92   dnaninf.o
        12          0          0          0          0         68   dretinf.o
       460         56          0          0          0        120   dsqrt_noumaal.o
        86          4          0          0          0         84   f2d.o
       450          8          0          0          0        236   faddsub_clz.o
       388         76          0          0          0         96   fdiv.o
        54          4          0          0          0         84   ffix.o
        62          4          0          0          0         84   ffixu.o
        86          0          0          0          0        136   fflt_clz.o
       258          4          0          0          0         84   fmul.o
       140          4          0          0          0         84   fnaninf.o
        10          0          0          0          0         68   fretinf.o
       100          0          0          0          0         68   retnan.o
        92          0          0          0          0         68   scalbn.o
        48          0          0          0          0         68   trapv.o
         0          0          0          0          0          0   usenofp.o
       544         70        152          0          0        124   atan.o
        22          6          0          0          0        136   dunder.o
        40          0          0          0          0         68   fpclassify.o
       170          0          0          0          0         96   poly.o
        76          0          0          0          0         84   sqrt.o

    ----------------------------------------------------------------------
      5658        436        152          0        100       3680   Library Totals
        16          0          0          0          4          0   (incl. Padding)

    ----------------------------------------------------------------------

      Code (inc. data)   RO Data    RW Data    ZI Data      Debug   Library Name

       292         16          0          0         96        752   c_w.l
      4498        344          0          0          0       2420   fz_ws.l
       852         76        152          0          0        508   m_ws.l

    ----------------------------------------------------------------------
      5658        436        152          0        100       3680   Library Totals

    ----------------------------------------------------------------------

==============================================================================


      Code (inc. data)   RO Data    RW Data    ZI Data      Debug   

     37394       3184     308014        108     223348     395225   Grand Totals
     37394       3184     308014        108     223348     395225   ELF Image Totals
     37394       3184     308014        108          0          0   ROM Totals

==============================================================================

    Total RO  Size (Code + RO Data)               345408 ( 337.31kB)
    Total RW  Size (RW Data + ZI Data)            223456 ( 218.22kB)
    Total ROM Size (Code + RO Data + RW Data)     345516 ( 337.42kB)

==============================================================================

